Archive member included to satisfy reference by file (symbol)

c:/st/stm32cubeide_1.8.0/stm32cubeide/plugins/com.st.stm32cube.ide.mcu.externaltools.gnu-tools-for-stm32.9-2020-q2-update.win32_2.0.0.202105311346/tools/bin/../lib/gcc/arm-none-eabi/9.3.1/../../../../arm-none-eabi/lib/thumb/v7e-m+fp/hard\libc_nano.a(lib_a-errno.o)
                              ./Core/Src/syscalls.o (__errno)
c:/st/stm32cubeide_1.8.0/stm32cubeide/plugins/com.st.stm32cube.ide.mcu.externaltools.gnu-tools-for-stm32.9-2020-q2-update.win32_2.0.0.202105311346/tools/bin/../lib/gcc/arm-none-eabi/9.3.1/../../../../arm-none-eabi/lib/thumb/v7e-m+fp/hard\libc_nano.a(lib_a-exit.o)
                              c:/st/stm32cubeide_1.8.0/stm32cubeide/plugins/com.st.stm32cube.ide.mcu.externaltools.gnu-tools-for-stm32.9-2020-q2-update.win32_2.0.0.202105311346/tools/bin/../lib/gcc/arm-none-eabi/9.3.1/../../../../arm-none-eabi/lib/thumb/v7e-m+fp/hard/crt0.o (exit)
c:/st/stm32cubeide_1.8.0/stm32cubeide/plugins/com.st.stm32cube.ide.mcu.externaltools.gnu-tools-for-stm32.9-2020-q2-update.win32_2.0.0.202105311346/tools/bin/../lib/gcc/arm-none-eabi/9.3.1/../../../../arm-none-eabi/lib/thumb/v7e-m+fp/hard\libc_nano.a(lib_a-impure.o)
                              c:/st/stm32cubeide_1.8.0/stm32cubeide/plugins/com.st.stm32cube.ide.mcu.externaltools.gnu-tools-for-stm32.9-2020-q2-update.win32_2.0.0.202105311346/tools/bin/../lib/gcc/arm-none-eabi/9.3.1/../../../../arm-none-eabi/lib/thumb/v7e-m+fp/hard\libc_nano.a(lib_a-exit.o) (_global_impure_ptr)
c:/st/stm32cubeide_1.8.0/stm32cubeide/plugins/com.st.stm32cube.ide.mcu.externaltools.gnu-tools-for-stm32.9-2020-q2-update.win32_2.0.0.202105311346/tools/bin/../lib/gcc/arm-none-eabi/9.3.1/../../../../arm-none-eabi/lib/thumb/v7e-m+fp/hard\libc_nano.a(lib_a-init.o)
                              c:/st/stm32cubeide_1.8.0/stm32cubeide/plugins/com.st.stm32cube.ide.mcu.externaltools.gnu-tools-for-stm32.9-2020-q2-update.win32_2.0.0.202105311346/tools/bin/../lib/gcc/arm-none-eabi/9.3.1/../../../../arm-none-eabi/lib/thumb/v7e-m+fp/hard/crt0.o (__libc_init_array)
c:/st/stm32cubeide_1.8.0/stm32cubeide/plugins/com.st.stm32cube.ide.mcu.externaltools.gnu-tools-for-stm32.9-2020-q2-update.win32_2.0.0.202105311346/tools/bin/../lib/gcc/arm-none-eabi/9.3.1/../../../../arm-none-eabi/lib/thumb/v7e-m+fp/hard\libc_nano.a(lib_a-memcpy-stub.o)
                              ./Middlewares/ST/BlueNRG-2/hci/bluenrg1_events.o (memcpy)
c:/st/stm32cubeide_1.8.0/stm32cubeide/plugins/com.st.stm32cube.ide.mcu.externaltools.gnu-tools-for-stm32.9-2020-q2-update.win32_2.0.0.202105311346/tools/bin/../lib/gcc/arm-none-eabi/9.3.1/../../../../arm-none-eabi/lib/thumb/v7e-m+fp/hard\libc_nano.a(lib_a-memset.o)
                              c:/st/stm32cubeide_1.8.0/stm32cubeide/plugins/com.st.stm32cube.ide.mcu.externaltools.gnu-tools-for-stm32.9-2020-q2-update.win32_2.0.0.202105311346/tools/bin/../lib/gcc/arm-none-eabi/9.3.1/../../../../arm-none-eabi/lib/thumb/v7e-m+fp/hard/crt0.o (memset)
c:/st/stm32cubeide_1.8.0/stm32cubeide/plugins/com.st.stm32cube.ide.mcu.externaltools.gnu-tools-for-stm32.9-2020-q2-update.win32_2.0.0.202105311346/tools/bin/../lib/gcc/arm-none-eabi/9.3.1/../../../../arm-none-eabi/lib/thumb/v7e-m+fp/hard\libc_nano.a(lib_a-printf.o)
                              ./Core/Src/app_bluenrg.o (printf)
c:/st/stm32cubeide_1.8.0/stm32cubeide/plugins/com.st.stm32cube.ide.mcu.externaltools.gnu-tools-for-stm32.9-2020-q2-update.win32_2.0.0.202105311346/tools/bin/../lib/gcc/arm-none-eabi/9.3.1/../../../../arm-none-eabi/lib/thumb/v7e-m+fp/hard\libc_nano.a(lib_a-strlen.o)
                              ./Core/Src/app_bluenrg.o (strlen)
c:/st/stm32cubeide_1.8.0/stm32cubeide/plugins/com.st.stm32cube.ide.mcu.externaltools.gnu-tools-for-stm32.9-2020-q2-update.win32_2.0.0.202105311346/tools/bin/../lib/gcc/arm-none-eabi/9.3.1/../../../../arm-none-eabi/lib/thumb/v7e-m+fp/hard\libc_nano.a(lib_a-findfp.o)
                              c:/st/stm32cubeide_1.8.0/stm32cubeide/plugins/com.st.stm32cube.ide.mcu.externaltools.gnu-tools-for-stm32.9-2020-q2-update.win32_2.0.0.202105311346/tools/bin/../lib/gcc/arm-none-eabi/9.3.1/../../../../arm-none-eabi/lib/thumb/v7e-m+fp/hard\libc_nano.a(lib_a-printf.o) (__sinit)
c:/st/stm32cubeide_1.8.0/stm32cubeide/plugins/com.st.stm32cube.ide.mcu.externaltools.gnu-tools-for-stm32.9-2020-q2-update.win32_2.0.0.202105311346/tools/bin/../lib/gcc/arm-none-eabi/9.3.1/../../../../arm-none-eabi/lib/thumb/v7e-m+fp/hard\libc_nano.a(lib_a-fwalk.o)
                              c:/st/stm32cubeide_1.8.0/stm32cubeide/plugins/com.st.stm32cube.ide.mcu.externaltools.gnu-tools-for-stm32.9-2020-q2-update.win32_2.0.0.202105311346/tools/bin/../lib/gcc/arm-none-eabi/9.3.1/../../../../arm-none-eabi/lib/thumb/v7e-m+fp/hard\libc_nano.a(lib_a-findfp.o) (_fwalk)
[...]
Memory Configuration

Name             Origin             Length             Attributes
RAM              0x0000000020000000 0x0000000000020000 xrw
FLASH            0x0000000008000000 0x0000000000080000 xr
*default*        0x0000000000000000 0xffffffffffffffff

Linker script and memory map

LOAD c:/st/stm32cubeide_1.8.0/stm32cubeide/plugins/com.st.stm32cube.ide.mcu.externaltools.gnu-tools-for-stm32.9-2020-q2-update.win32_2.0.0.202105311346/tools/bin/../lib/gcc/arm-none-eabi/9.3.1/thumb/v7e-m+fp/hard/crti.o
LOAD c:/st/stm32cubeide_1.8.0/stm32cubeide/plugins/com.st.stm32cube.ide.mcu.externaltools.gnu-tools-for-stm32.9-2020-q2-update.win32_2.0.0.202105311346/tools/bin/../lib/gcc/arm-none-eabi/9.3.1/thumb/v7e-m+fp/hard/crtbegin.o
LOAD c:/st/stm32cubeide_1.8.0/stm32cubeide/plugins/com.st.stm32cube.ide.mcu.externaltools.gnu-tools-for-stm32.9-2020-q2-update.win32_2.0.0.202105311346/tools/bin/../lib/gcc/arm-none-eabi/9.3.1/../../../../arm-none-eabi/lib/thumb/v7e-m+fp/hard/crt0.o
LOAD ./BlueNRG-2/Target/hci_tl_interface.o
LOAD ./Core/Src/app_bluenrg.o
LOAD ./Core/Src/custom_bus.o
LOAD ./Core/Src/main.o
LOAD ./Core/Src/service.o
LOAD ./Core/Src/stm32f4xx_hal_msp.o
LOAD ./Core/Src/stm32f4xx_it.o
LOAD ./Core/Src/syscalls.o
LOAD ./Core/Src/sysmem.o
LOAD ./Core/Src/system_stm32f4xx.o
LOAD ./Core/Startup/startup_stm32f411retx.o
LOAD ./Drivers/STM32F4xx_HAL_Driver/Src/stm32f4xx_hal.o
LOAD ./Drivers/STM32F4xx_HAL_Driver/Src/stm32f4xx_hal_cortex.o
LOAD ./Drivers/STM32F4xx_HAL_Driver/Src/stm32f4xx_hal_dma.o
LOAD ./Drivers/STM32F4xx_HAL_Driver/Src/stm32f4xx_hal_dma_ex.o
LOAD ./Drivers/STM32F4xx_HAL_Driver/Src/stm32f4xx_hal_exti.o
LOAD ./Drivers/STM32F4xx_HAL_Driver/Src/stm32f4xx_hal_flash.o
LOAD ./Drivers/STM32F4xx_HAL_Driver/Src/stm32f4xx_hal_flash_ex.o
LOAD ./Drivers/STM32F4xx_HAL_Driver/Src/stm32f4xx_hal_flash_ramfunc.o
LOAD ./Drivers/STM32F4xx_HAL_Driver/Src/stm32f4xx_hal_gpio.o
LOAD ./Drivers/STM32F4xx_HAL_Driver/Src/stm32f4xx_hal_pwr.o
LOAD ./Drivers/STM32F4xx_HAL_Driver/Src/stm32f4xx_hal_pwr_ex.o
LOAD ./Drivers/STM32F4xx_HAL_Driver/Src/stm32f4xx_hal_rcc.o
LOAD ./Drivers/STM32F4xx_HAL_Driver/Src/stm32f4xx_hal_rcc_ex.o
LOAD ./Drivers/STM32F4xx_HAL_Driver/Src/stm32f4xx_hal_spi.o
LOAD ./Drivers/STM32F4xx_HAL_Driver/Src/stm32f4xx_hal_tim.o
LOAD ./Drivers/STM32F4xx_HAL_Driver/Src/stm32f4xx_hal_tim_ex.o
LOAD ./Drivers/STM32F4xx_HAL_Driver/Src/stm32f4xx_hal_uart.o
LOAD ./Middlewares/ST/BlueNRG-2/hci/bluenrg1_devConfig.o
LOAD ./Middlewares/ST/BlueNRG-2/hci/bluenrg1_events.o
LOAD ./Middlewares/ST/BlueNRG-2/hci/bluenrg1_events_cb.o
LOAD ./Middlewares/ST/BlueNRG-2/hci/bluenrg1_hci_le.o
LOAD ./Middlewares/ST/BlueNRG-2/hci/controller/bluenrg1_gap_aci.o
LOAD ./Middlewares/ST/BlueNRG-2/hci/controller/bluenrg1_gatt_aci.o
LOAD ./Middlewares/ST/BlueNRG-2/hci/controller/bluenrg1_hal_aci.o
LOAD ./Middlewares/ST/BlueNRG-2/hci/controller/bluenrg1_l2cap_aci.o
LOAD ./Middlewares/ST/BlueNRG-2/hci/hci_tl_patterns/Basic/hci_tl.o
LOAD ./Middlewares/ST/BlueNRG-2/utils/ble_list.o
START GROUP
LOAD c:/st/stm32cubeide_1.8.0/stm32cubeide/plugins/com.st.stm32cube.ide.mcu.externaltools.gnu-tools-for-stm32.9-2020-q2-update.win32_2.0.0.202105311346/tools/bin/../lib/gcc/arm-none-eabi/9.3.1/../../../../arm-none-eabi/lib/thumb/v7e-m+fp/hard\libc_nano.a
LOAD c:/st/stm32cubeide_1.8.0/stm32cubeide/plugins/com.st.stm32cube.ide.mcu.externaltools.gnu-tools-for-stm32.9-2020-q2-update.win32_2.0.0.202105311346/tools/bin/../lib/gcc/arm-none-eabi/9.3.1/../../../../arm-none-eabi/lib/thumb/v7e-m+fp/hard\libm.a
END GROUP
START GROUP
LOAD c:/st/stm32cubeide_1.8.0/stm32cubeide/plugins/com.st.stm32cube.ide.mcu.externaltools.gnu-tools-for-stm32.9-2020-q2-update.win32_2.0.0.202105311346/tools/bin/../lib/gcc/arm-none-eabi/9.3.1/thumb/v7e-m+fp/hard\libgcc.a
LOAD c:/st/stm32cubeide_1.8.0/stm32cubeide/plugins/com.st.stm32cube.ide.mcu.externaltools.gnu-tools-for-stm32.9-2020-q2-update.win32_2.0.0.202105311346/tools/bin/../lib/gcc/arm-none-eabi/9.3.1/../../../../arm-none-eabi/lib/thumb/v7e-m+fp/hard\libc_nano.a
END GROUP
START GROUP
LOAD c:/st/stm32cubeide_1.8.0/stm32cubeide/plugins/com.st.stm32cube.ide.mcu.externaltools.gnu-tools-for-stm32.9-2020-q2-update.win32_2.0.0.202105311346/tools/bin/../lib/gcc/arm-none-eabi/9.3.1/thumb/v7e-m+fp/hard\libgcc.a
LOAD c:/st/stm32cubeide_1.8.0/stm32cubeide/plugins/com.st.stm32cube.ide.mcu.externaltools.gnu-tools-for-stm32.9-2020-q2-update.win32_2.0.0.202105311346/tools/bin/../lib/gcc/arm-none-eabi/9.3.1/../../../../arm-none-eabi/lib/thumb/v7e-m+fp/hard\libc_nano.a
LOAD c:/st/stm32cubeide_1.8.0/stm32cubeide/plugins/com.st.stm32cube.ide.mcu.externaltools.gnu-tools-for-stm32.9-2020-q2-update.win32_2.0.0.202105311346/tools/bin/../lib/gcc/arm-none-eabi/9.3.1/../../../../arm-none-eabi/lib/thumb/v7e-m+fp/hard\libnosys.a
END GROUP
START GROUP
LOAD c:/st/stm32cubeide_1.8.0/stm32cubeide/plugins/com.st.stm32cube.ide.mcu.externaltools.gnu-tools-for-stm32.9-2020-q2-update.win32_2.0.0.202105311346/tools/bin/../lib/gcc/arm-none-eabi/9.3.1/thumb/v7e-m+fp/hard\libgcc.a
LOAD c:/st/stm32cubeide_1.8.0/stm32cubeide/plugins/com.st.stm32cube.ide.mcu.externaltools.gnu-tools-for-stm32.9-2020-q2-update.win32_2.0.0.202105311346/tools/bin/../lib/gcc/arm-none-eabi/9.3.1/../../../../arm-none-eabi/lib/thumb/v7e-m+fp/hard\libc_nano.a
LOAD c:/st/stm32cubeide_1.8.0/stm32cubeide/plugins/com.st.stm32cube.ide.mcu.externaltools.gnu-tools-for-stm32.9-2020-q2-update.win32_2.0.0.202105311346/tools/bin/../lib/gcc/arm-none-eabi/9.3.1/../../../../arm-none-eabi/lib/thumb/v7e-m+fp/hard\libnosys.a
END GROUP
LOAD c:/st/stm32cubeide_1.8.0/stm32cubeide/plugins/com.st.stm32cube.ide.mcu.externaltools.gnu-tools-for-stm32.9-2020-q2-update.win32_2.0.0.202105311346/tools/bin/../lib/gcc/arm-none-eabi/9.3.1/thumb/v7e-m+fp/hard/crtend.o
LOAD c:/st/stm32cubeide_1.8.0/stm32cubeide/plugins/com.st.stm32cube.ide.mcu.externaltools.gnu-tools-for-stm32.9-2020-q2-update.win32_2.0.0.202105311346/tools/bin/../lib/gcc/arm-none-eabi/9.3.1/thumb/v7e-m+fp/hard/crtn.o
                0x0000000020020000                _estack = (ORIGIN (RAM) + LENGTH (RAM))
                0x0000000000000200                _Min_Heap_Size = 0x200
                0x0000000000000400                _Min_Stack_Size = 0x400

.isr_vector     0x0000000008000000      0x198
                0x0000000008000000                . = ALIGN (0x4)
 *(.isr_vector)
 .isr_vector    0x0000000008000000      0x198 ./Core/Startup/startup_stm32f411retx.o
                0x0000000008000000                g_pfnVectors
                0x0000000008000198                . = ALIGN (0x4)

.text           0x00000000080001a0     0x6adc
                0x00000000080001a0                . = ALIGN (0x4)
 *(.text)
 .text          0x00000000080001a0       0x40 c:/st/stm32cubeide_1.8.0/stm32cubeide/plugins/com.st.stm32cube.ide.mcu.externaltools.gnu-tools-for-stm32.9-2020-q2-update.win32_2.0.0.202105311346/tools/bin/../lib/gcc/arm-none-eabi/9.3.1/thumb/v7e-m+fp/hard/crtbegin.o
 .text          0x00000000080001e0       0x10 c:/st/stm32cubeide_1.8.0/stm32cubeide/plugins/com.st.stm32cube.ide.mcu.externaltools.gnu-tools-for-stm32.9-2020-q2-update.win32_2.0.0.202105311346/tools/bin/../lib/gcc/arm-none-eabi/9.3.1/../../../../arm-none-eabi/lib/thumb/v7e-m+fp/hard\libc_nano.a(lib_a-strlen.o)
                0x00000000080001e0                strlen
 .text          0x00000000080001f0       0xa0 c:/st/stm32cubeide_1.8.0/stm32cubeide/plugins/com.st.stm32cube.ide.mcu.externaltools.gnu-tools-for-stm32.9-2020-q2-update.win32_2.0.0.202105311346/tools/bin/../lib/gcc/arm-none-eabi/9.3.1/../../../../arm-none-eabi/lib/thumb/v7e-m+fp/hard\libc_nano.a(lib_a-memchr.o)
                0x00000000080001f0                memchr
 .text          0x0000000008000290       0x30 c:/st/stm32cubeide_1.8.0/stm32cubeide/plugins/com.st.stm32cube.ide.mcu.externaltools.gnu-tools-for-stm32.9-2020-q2-update.win32_2.0.0.202105311346/tools/bin/../lib/gcc/arm-none-eabi/9.3.1/thumb/v7e-m+fp/hard\libgcc.a(_aeabi_uldivmod.o)
                0x0000000008000290                __aeabi_uldivmod
 .text          0x00000000080002c0      0x2c4 c:/st/stm32cubeide_1.8.0/stm32cubeide/plugins/com.st.stm32cube.ide.mcu.externaltools.gnu-tools-for-stm32.9-2020-q2-update.win32_2.0.0.202105311346/tools/bin/../lib/gcc/arm-none-eabi/9.3.1/thumb/v7e-m+fp/hard\libgcc.a(_udivmoddi4.o)
                0x00000000080002c0                __udivmoddi4
 .text          0x0000000008000584        0x4 c:/st/stm32cubeide_1.8.0/stm32cubeide/plugins/com.st.stm32cube.ide.mcu.externaltools.gnu-tools-for-stm32.9-2020-q2-update.win32_2.0.0.202105311346/tools/bin/../lib/gcc/arm-none-eabi/9.3.1/thumb/v7e-m+fp/hard\libgcc.a(_dvmd_tls.o)
                0x0000000008000584                __aeabi_idiv0
                0x0000000008000584                __aeabi_ldiv0
 *(.text*)
 .text.HCI_TL_SPI_Enable_IRQ
                0x0000000008000588        0xe ./BlueNRG-2/Target/hci_tl_interface.o
 .text.HCI_TL_SPI_Disable_IRQ
                0x0000000008000596        0xe ./BlueNRG-2/Target/hci_tl_interface.o
 .text.HCI_TL_SPI_Init
                0x00000000080005a4       0x98 ./BlueNRG-2/Target/hci_tl_interface.o
                0x00000000080005a4                HCI_TL_SPI_Init
 .text.HCI_TL_SPI_DeInit
                0x000000000800063c       0x28 ./BlueNRG-2/Target/hci_tl_interface.o
                0x000000000800063c                HCI_TL_SPI_DeInit
 .text.HCI_TL_SPI_Reset
                0x0000000008000664       0x3c ./BlueNRG-2/Target/hci_tl_interface.o
                0x0000000008000664                HCI_TL_SPI_Reset
 .text.HCI_TL_SPI_Receive
                0x00000000080006a0       0xe0 ./BlueNRG-2/Target/hci_tl_interface.o
                0x00000000080006a0                HCI_TL_SPI_Receive
 .text.HCI_TL_SPI_Send
                0x0000000008000780      0x118 ./BlueNRG-2/Target/hci_tl_interface.o
                0x0000000008000780                HCI_TL_SPI_Send
 .text.IsDataAvailable
                0x0000000008000898       0x20 ./BlueNRG-2/Target/hci_tl_interface.o
 .text.hci_tl_lowlevel_init
                0x00000000080008b8       0x74 ./BlueNRG-2/Target/hci_tl_interface.o
                0x00000000080008b8                hci_tl_lowlevel_init
 .text.hci_tl_lowlevel_isr
                0x000000000800092c       0x22 ./BlueNRG-2/Target/hci_tl_interface.o
                0x000000000800092c                hci_tl_lowlevel_isr
 *fill*         0x000000000800094e        0x2 
 .text.bluenrg_init
                0x0000000008000950       0xe8 ./Core/Src/app_bluenrg.o
                0x0000000008000950                bluenrg_init
 .text.bluenrg_process
                0x0000000008000a38       0x5c ./Core/Src/app_bluenrg.o
                0x0000000008000a38                bluenrg_process
 .text.BSP_SPI1_Init
                0x0000000008000a94       0x60 ./Core/Src/custom_bus.o
                0x0000000008000a94                BSP_SPI1_Init
 .text.BSP_SPI1_SendRecv
                0x0000000008000af4       0x40 ./Core/Src/custom_bus.o
                0x0000000008000af4                BSP_SPI1_SendRecv
 .text.BSP_GetTick
                0x0000000008000b34        0xe ./Core/Src/custom_bus.o
                0x0000000008000b34                BSP_GetTick
 *fill*         0x0000000008000b42        0x2 
 .text.MX_SPI1_Init
                0x0000000008000b44       0x78 ./Core/Src/custom_bus.o
                0x0000000008000b44                MX_SPI1_Init
 .text.SPI1_MspInit
                0x0000000008000bbc       0xd0 ./Core/Src/custom_bus.o
 .text.__io_putchar
                0x0000000008000c8c       0x24 ./Core/Src/main.o
                0x0000000008000c8c                __io_putchar
 .text.main     0x0000000008000cb0       0x28 ./Core/Src/main.o
                0x0000000008000cb0                main
 .text.SystemClock_Config
                0x0000000008000cd8       0xd0 ./Core/Src/main.o
                0x0000000008000cd8                SystemClock_Config
 .text.MX_USART2_UART_Init
                0x0000000008000da8       0x54 ./Core/Src/main.o
 .text.MX_GPIO_Init
                0x0000000008000dfc      0x11c ./Core/Src/main.o
 .text.Error_Handler
                0x0000000008000f18        0xa ./Core/Src/main.o
                0x0000000008000f18                Error_Handler
 *fill*         0x0000000008000f22        0x2 
 .text.add_services
                0x0000000008000f24      0x170 ./Core/Src/service.o
                0x0000000008000f24                add_services
 .text.update_bpm_data
                0x0000000008001094       0x44 ./Core/Src/service.o
                0x0000000008001094                update_bpm_data
 .text.update_weight_data
                0x00000000080010d8       0x44 ./Core/Src/service.o
                0x00000000080010d8                update_weight_data
 .text.update_temp_data
                0x000000000800111c       0x44 ./Core/Src/service.o
                0x000000000800111c                update_temp_data
 .text.update_hum_data
                0x0000000008001160       0x44 ./Core/Src/service.o
                0x0000000008001160                update_hum_data
 .text.Read_Request_CB
                0x00000000080011a4       0xe0 ./Core/Src/service.o
                0x00000000080011a4                Read_Request_CB
 .text.aci_gatt_read_permit_req_event
                0x0000000008001284       0x22 ./Core/Src/service.o
                0x0000000008001284                aci_gatt_read_permit_req_event
 *fill*         0x00000000080012a6        0x2 
 .text.hci_le_connection_complete_event
                0x00000000080012a8       0x3c ./Core/Src/service.o
                0x00000000080012a8                hci_le_connection_complete_event
 .text.hci_disconnection_complete_event
                0x00000000080012e4       0x44 ./Core/Src/service.o
                0x00000000080012e4                hci_disconnection_complete_event
 .text.APP_UserEvRx
                0x0000000008001328       0xf0 ./Core/Src/service.o
                0x0000000008001328                APP_UserEvRx
 .text.HAL_MspInit
                0x0000000008001418       0x50 ./Core/Src/stm32f4xx_hal_msp.o
                0x0000000008001418                HAL_MspInit
 .text.HAL_UART_MspInit
                0x0000000008001468       0x90 ./Core/Src/stm32f4xx_hal_msp.o
                0x0000000008001468                HAL_UART_MspInit
 .text.NMI_Handler
                0x00000000080014f8        0x6 ./Core/Src/stm32f4xx_it.o
                0x00000000080014f8                NMI_Handler
 .text.HardFault_Handler
                0x00000000080014fe        0x6 ./Core/Src/stm32f4xx_it.o
                0x00000000080014fe                HardFault_Handler
 .text.MemManage_Handler
                0x0000000008001504        0x6 ./Core/Src/stm32f4xx_it.o
                0x0000000008001504                MemManage_Handler
 .text.BusFault_Handler
                0x000000000800150a        0x6 ./Core/Src/stm32f4xx_it.o
                0x000000000800150a                BusFault_Handler
 .text.UsageFault_Handler
                0x0000000008001510        0x6 ./Core/Src/stm32f4xx_it.o
                0x0000000008001510                UsageFault_Handler
 .text.SVC_Handler
                0x0000000008001516        0xe ./Core/Src/stm32f4xx_it.o
                0x0000000008001516                SVC_Handler
 .text.DebugMon_Handler
                0x0000000008001524        0xe ./Core/Src/stm32f4xx_it.o
                0x0000000008001524                DebugMon_Handler
 .text.PendSV_Handler
                0x0000000008001532        0xe ./Core/Src/stm32f4xx_it.o
                0x0000000008001532                PendSV_Handler
 .text.SysTick_Handler
                0x0000000008001540        0xc ./Core/Src/stm32f4xx_it.o
                0x0000000008001540                SysTick_Handler
 .text.EXTI0_IRQHandler
                0x000000000800154c       0x14 ./Core/Src/stm32f4xx_it.o
                0x000000000800154c                EXTI0_IRQHandler
 .text.EXTI15_10_IRQHandler
                0x0000000008001560       0x10 ./Core/Src/stm32f4xx_it.o
                0x0000000008001560                EXTI15_10_IRQHandler
 .text._read    0x0000000008001570       0x3a ./Core/Src/syscalls.o
                0x0000000008001570                _read
 .text._write   0x00000000080015aa       0x38 ./Core/Src/syscalls.o
                0x00000000080015aa                _write
 .text._close   0x00000000080015e2       0x18 ./Core/Src/syscalls.o
                0x00000000080015e2                _close
 .text._fstat   0x00000000080015fa       0x20 ./Core/Src/syscalls.o
                0x00000000080015fa                _fstat
 .text._isatty  0x000000000800161a       0x16 ./Core/Src/syscalls.o
                0x000000000800161a                _isatty
 .text._lseek   0x0000000008001630       0x1a ./Core/Src/syscalls.o
                0x0000000008001630                _lseek
 *fill*         0x000000000800164a        0x2 
 .text._sbrk    0x000000000800164c       0x6c ./Core/Src/sysmem.o
                0x000000000800164c                _sbrk
 .text.SystemInit
                0x00000000080016b8       0x24 ./Core/Src/system_stm32f4xx.o
                0x00000000080016b8                SystemInit
 .text.Reset_Handler
                0x00000000080016dc       0x50 ./Core/Startup/startup_stm32f411retx.o
                0x00000000080016dc                Reset_Handler
 .text.Default_Handler
                0x000000000800172c        0x2 ./Core/Startup/startup_stm32f411retx.o
                0x000000000800172c                RTC_Alarm_IRQHandler
                0x000000000800172c                EXTI2_IRQHandler
                0x000000000800172c                SPI4_IRQHandler
                0x000000000800172c                TIM1_CC_IRQHandler
                0x000000000800172c                DMA2_Stream5_IRQHandler
                0x000000000800172c                DMA1_Stream5_IRQHandler
                0x000000000800172c                PVD_IRQHandler
                0x000000000800172c                SDIO_IRQHandler
                0x000000000800172c                TAMP_STAMP_IRQHandler
                0x000000000800172c                EXTI3_IRQHandler
                0x000000000800172c                TIM1_UP_TIM10_IRQHandler
                0x000000000800172c                I2C3_ER_IRQHandler
                0x000000000800172c                I2C2_EV_IRQHandler
                0x000000000800172c                DMA1_Stream2_IRQHandler
                0x000000000800172c                FPU_IRQHandler
                0x000000000800172c                DMA2_Stream2_IRQHandler
                0x000000000800172c                SPI1_IRQHandler
                0x000000000800172c                TIM1_BRK_TIM9_IRQHandler
                0x000000000800172c                DMA2_Stream3_IRQHandler
                0x000000000800172c                USART6_IRQHandler
                0x000000000800172c                DMA2_Stream0_IRQHandler
                0x000000000800172c                TIM4_IRQHandler
                0x000000000800172c                I2C1_EV_IRQHandler
                0x000000000800172c                DMA1_Stream6_IRQHandler
                0x000000000800172c                DMA1_Stream1_IRQHandler
                0x000000000800172c                TIM3_IRQHandler
                0x000000000800172c                RCC_IRQHandler
                0x000000000800172c                Default_Handler
                0x000000000800172c                ADC_IRQHandler
                0x000000000800172c                DMA1_Stream7_IRQHandler
                0x000000000800172c                SPI5_IRQHandler
                0x000000000800172c                TIM5_IRQHandler
                0x000000000800172c                DMA2_Stream7_IRQHandler
                0x000000000800172c                I2C3_EV_IRQHandler
                0x000000000800172c                EXTI9_5_IRQHandler
                0x000000000800172c                RTC_WKUP_IRQHandler
                0x000000000800172c                SPI2_IRQHandler
                0x000000000800172c                DMA1_Stream0_IRQHandler
                0x000000000800172c                EXTI4_IRQHandler
                0x000000000800172c                WWDG_IRQHandler
                0x000000000800172c                TIM2_IRQHandler
                0x000000000800172c                OTG_FS_WKUP_IRQHandler
                0x000000000800172c                TIM1_TRG_COM_TIM11_IRQHandler
                0x000000000800172c                EXTI1_IRQHandler
                0x000000000800172c                USART2_IRQHandler
                0x000000000800172c                I2C2_ER_IRQHandler
                0x000000000800172c                DMA2_Stream1_IRQHandler
                0x000000000800172c                FLASH_IRQHandler
                0x000000000800172c                DMA2_Stream4_IRQHandler
                0x000000000800172c                USART1_IRQHandler
                0x000000000800172c                OTG_FS_IRQHandler
                0x000000000800172c                SPI3_IRQHandler
                0x000000000800172c                DMA1_Stream4_IRQHandler
                0x000000000800172c                I2C1_ER_IRQHandler
                0x000000000800172c                DMA2_Stream6_IRQHandler
                0x000000000800172c                DMA1_Stream3_IRQHandler
 *fill*         0x000000000800172e        0x2 
 .text.HAL_Init
                0x0000000008001730       0x44 ./Drivers/STM32F4xx_HAL_Driver/Src/stm32f4xx_hal.o
                0x0000000008001730                HAL_Init
 .text.HAL_InitTick
                0x0000000008001774       0x60 ./Drivers/STM32F4xx_HAL_Driver/Src/stm32f4xx_hal.o
                0x0000000008001774                HAL_InitTick
 .text.HAL_IncTick
                0x00000000080017d4       0x28 ./Drivers/STM32F4xx_HAL_Driver/Src/stm32f4xx_hal.o
                0x00000000080017d4                HAL_IncTick
 .text.HAL_GetTick
                0x00000000080017fc       0x18 ./Drivers/STM32F4xx_HAL_Driver/Src/stm32f4xx_hal.o
                0x00000000080017fc                HAL_GetTick
 .text.HAL_Delay
                0x0000000008001814       0x48 ./Drivers/STM32F4xx_HAL_Driver/Src/stm32f4xx_hal.o
                0x0000000008001814                HAL_Delay
 .text.__NVIC_SetPriorityGrouping
                0x000000000800185c       0x48 ./Drivers/STM32F4xx_HAL_Driver/Src/stm32f4xx_hal_cortex.o
 .text.__NVIC_GetPriorityGrouping
                0x00000000080018a4       0x1c ./Drivers/STM32F4xx_HAL_Driver/Src/stm32f4xx_hal_cortex.o
 .text.__NVIC_EnableIRQ
                0x00000000080018c0       0x3c ./Drivers/STM32F4xx_HAL_Driver/Src/stm32f4xx_hal_cortex.o
 .text.__NVIC_DisableIRQ
                0x00000000080018fc       0x48 ./Drivers/STM32F4xx_HAL_Driver/Src/stm32f4xx_hal_cortex.o
 .text.__NVIC_SetPriority
                0x0000000008001944       0x54 ./Drivers/STM32F4xx_HAL_Driver/Src/stm32f4xx_hal_cortex.o
 .text.NVIC_EncodePriority
                0x0000000008001998       0x66 ./Drivers/STM32F4xx_HAL_Driver/Src/stm32f4xx_hal_cortex.o
 *fill*         0x00000000080019fe        0x2 
 .text.SysTick_Config
                0x0000000008001a00       0x44 ./Drivers/STM32F4xx_HAL_Driver/Src/stm32f4xx_hal_cortex.o
 .text.HAL_NVIC_SetPriorityGrouping
                0x0000000008001a44       0x16 ./Drivers/STM32F4xx_HAL_Driver/Src/stm32f4xx_hal_cortex.o
                0x0000000008001a44                HAL_NVIC_SetPriorityGrouping
 .text.HAL_NVIC_SetPriority
                0x0000000008001a5a       0x38 ./Drivers/STM32F4xx_HAL_Driver/Src/stm32f4xx_hal_cortex.o
                0x0000000008001a5a                HAL_NVIC_SetPriority
 .text.HAL_NVIC_EnableIRQ
                0x0000000008001a92       0x1c ./Drivers/STM32F4xx_HAL_Driver/Src/stm32f4xx_hal_cortex.o
                0x0000000008001a92                HAL_NVIC_EnableIRQ
 .text.HAL_NVIC_DisableIRQ
                0x0000000008001aae       0x1c ./Drivers/STM32F4xx_HAL_Driver/Src/stm32f4xx_hal_cortex.o
                0x0000000008001aae                HAL_NVIC_DisableIRQ
 .text.HAL_SYSTICK_Config
                0x0000000008001aca       0x18 ./Drivers/STM32F4xx_HAL_Driver/Src/stm32f4xx_hal_cortex.o
                0x0000000008001aca                HAL_SYSTICK_Config
 .text.HAL_EXTI_RegisterCallback
                0x0000000008001ae2       0x34 ./Drivers/STM32F4xx_HAL_Driver/Src/stm32f4xx_hal_exti.o
                0x0000000008001ae2                HAL_EXTI_RegisterCallback
 .text.HAL_EXTI_GetHandle
                0x0000000008001b16       0x28 ./Drivers/STM32F4xx_HAL_Driver/Src/stm32f4xx_hal_exti.o
                0x0000000008001b16                HAL_EXTI_GetHandle
 *fill*         0x0000000008001b3e        0x2 
 .text.HAL_EXTI_IRQHandler
                0x0000000008001b40       0x48 ./Drivers/STM32F4xx_HAL_Driver/Src/stm32f4xx_hal_exti.o
                0x0000000008001b40                HAL_EXTI_IRQHandler
 .text.HAL_GPIO_Init
                0x0000000008001b88      0x308 ./Drivers/STM32F4xx_HAL_Driver/Src/stm32f4xx_hal_gpio.o
                0x0000000008001b88                HAL_GPIO_Init
 .text.HAL_GPIO_DeInit
                0x0000000008001e90      0x1c8 ./Drivers/STM32F4xx_HAL_Driver/Src/stm32f4xx_hal_gpio.o
                0x0000000008001e90                HAL_GPIO_DeInit
 .text.HAL_GPIO_ReadPin
                0x0000000008002058       0x30 ./Drivers/STM32F4xx_HAL_Driver/Src/stm32f4xx_hal_gpio.o
                0x0000000008002058                HAL_GPIO_ReadPin
 .text.HAL_GPIO_WritePin
                0x0000000008002088       0x32 ./Drivers/STM32F4xx_HAL_Driver/Src/stm32f4xx_hal_gpio.o
                0x0000000008002088                HAL_GPIO_WritePin
 *fill*         0x00000000080020ba        0x2 
 .text.HAL_GPIO_EXTI_IRQHandler
                0x00000000080020bc       0x30 ./Drivers/STM32F4xx_HAL_Driver/Src/stm32f4xx_hal_gpio.o
                0x00000000080020bc                HAL_GPIO_EXTI_IRQHandler
 .text.HAL_GPIO_EXTI_Callback
                0x00000000080020ec       0x16 ./Drivers/STM32F4xx_HAL_Driver/Src/stm32f4xx_hal_gpio.o
                0x00000000080020ec                HAL_GPIO_EXTI_Callback
 *fill*         0x0000000008002102        0x2 
 .text.HAL_RCC_OscConfig
                0x0000000008002104      0x4f0 ./Drivers/STM32F4xx_HAL_Driver/Src/stm32f4xx_hal_rcc.o
                0x0000000008002104                HAL_RCC_OscConfig
 .text.HAL_RCC_ClockConfig
                0x00000000080025f4      0x1cc ./Drivers/STM32F4xx_HAL_Driver/Src/stm32f4xx_hal_rcc.o
                0x00000000080025f4                HAL_RCC_ClockConfig
 .text.HAL_RCC_GetSysClockFreq
                0x00000000080027c0      0x1c4 ./Drivers/STM32F4xx_HAL_Driver/Src/stm32f4xx_hal_rcc.o
                0x00000000080027c0                HAL_RCC_GetSysClockFreq
 .text.HAL_RCC_GetHCLKFreq
                0x0000000008002984       0x18 ./Drivers/STM32F4xx_HAL_Driver/Src/stm32f4xx_hal_rcc.o
                0x0000000008002984                HAL_RCC_GetHCLKFreq
 .text.HAL_RCC_GetPCLK1Freq
                0x000000000800299c       0x28 ./Drivers/STM32F4xx_HAL_Driver/Src/stm32f4xx_hal_rcc.o
                0x000000000800299c                HAL_RCC_GetPCLK1Freq
 .text.HAL_RCC_GetPCLK2Freq
                0x00000000080029c4       0x28 ./Drivers/STM32F4xx_HAL_Driver/Src/stm32f4xx_hal_rcc.o
                0x00000000080029c4                HAL_RCC_GetPCLK2Freq
 .text.HAL_SPI_Init
                0x00000000080029ec      0x112 ./Drivers/STM32F4xx_HAL_Driver/Src/stm32f4xx_hal_spi.o
                0x00000000080029ec                HAL_SPI_Init
 .text.HAL_SPI_MspInit
                0x0000000008002afe       0x14 ./Drivers/STM32F4xx_HAL_Driver/Src/stm32f4xx_hal_spi.o
                0x0000000008002afe                HAL_SPI_MspInit
 .text.HAL_SPI_TransmitReceive
                0x0000000008002b12      0x344 ./Drivers/STM32F4xx_HAL_Driver/Src/stm32f4xx_hal_spi.o
                0x0000000008002b12                HAL_SPI_TransmitReceive
 .text.HAL_SPI_GetState
                0x0000000008002e56       0x1c ./Drivers/STM32F4xx_HAL_Driver/Src/stm32f4xx_hal_spi.o
                0x0000000008002e56                HAL_SPI_GetState
 *fill*         0x0000000008002e72        0x2 
 .text.SPI_WaitFlagStateUntilTimeout
                0x0000000008002e74      0x110 ./Drivers/STM32F4xx_HAL_Driver/Src/stm32f4xx_hal_spi.o
 .text.SPI_EndRxTxTransaction
                0x0000000008002f84       0x84 ./Drivers/STM32F4xx_HAL_Driver/Src/stm32f4xx_hal_spi.o
 .text.HAL_UART_Init
                0x0000000008003008       0x9a ./Drivers/STM32F4xx_HAL_Driver/Src/stm32f4xx_hal_uart.o
                0x0000000008003008                HAL_UART_Init
 .text.HAL_UART_Transmit
                0x00000000080030a2      0x124 ./Drivers/STM32F4xx_HAL_Driver/Src/stm32f4xx_hal_uart.o
                0x00000000080030a2                HAL_UART_Transmit
 .text.UART_WaitOnFlagUntilTimeout
                0x00000000080031c6       0xdc ./Drivers/STM32F4xx_HAL_Driver/Src/stm32f4xx_hal_uart.o
 *fill*         0x00000000080032a2        0x2 
 .text.UART_SetConfig
                0x00000000080032a4      0x390 ./Drivers/STM32F4xx_HAL_Driver/Src/stm32f4xx_hal_uart.o
 .text.hci_disconnection_complete_event_process
                0x0000000008003634       0x30 ./Middlewares/ST/BlueNRG-2/hci/bluenrg1_events.o
                0x0000000008003634                hci_disconnection_complete_event_process
 .text.hci_encryption_change_event_process
                0x0000000008003664       0x30 ./Middlewares/ST/BlueNRG-2/hci/bluenrg1_events.o
                0x0000000008003664                hci_encryption_change_event_process
 .text.hci_read_remote_version_information_complete_event_process
                0x0000000008003694       0x3e ./Middlewares/ST/BlueNRG-2/hci/bluenrg1_events.o
                0x0000000008003694                hci_read_remote_version_information_complete_event_process
 .text.hci_hardware_error_event_process
                0x00000000080036d2       0x24 ./Middlewares/ST/BlueNRG-2/hci/bluenrg1_events.o
                0x00000000080036d2                hci_hardware_error_event_process
 .text.hci_number_of_completed_packets_event_process
                0x00000000080036f6       0xb2 ./Middlewares/ST/BlueNRG-2/hci/bluenrg1_events.o
                0x00000000080036f6                hci_number_of_completed_packets_event_process
 .text.hci_data_buffer_overflow_event_process
                0x00000000080037a8       0x24 ./Middlewares/ST/BlueNRG-2/hci/bluenrg1_events.o
                0x00000000080037a8                hci_data_buffer_overflow_event_process
 .text.hci_encryption_key_refresh_complete_event_process
                0x00000000080037cc       0x2e ./Middlewares/ST/BlueNRG-2/hci/bluenrg1_events.o
                0x00000000080037cc                hci_encryption_key_refresh_complete_event_process
 .text.aci_blue_initialized_event_process
                0x00000000080037fa       0x24 ./Middlewares/ST/BlueNRG-2/hci/bluenrg1_events.o
                0x00000000080037fa                aci_blue_initialized_event_process
 .text.aci_blue_events_lost_event_process
                0x000000000800381e       0x22 ./Middlewares/ST/BlueNRG-2/hci/bluenrg1_events.o
                0x000000000800381e                aci_blue_events_lost_event_process
 .text.aci_blue_crash_info_event_process
                0x0000000008003840       0x84 ./Middlewares/ST/BlueNRG-2/hci/bluenrg1_events.o
                0x0000000008003840                aci_blue_crash_info_event_process
 .text.aci_hal_end_of_radio_activity_event_process
                0x00000000080038c4       0x2e ./Middlewares/ST/BlueNRG-2/hci/bluenrg1_events.o
                0x00000000080038c4                aci_hal_end_of_radio_activity_event_process
 .text.aci_hal_scan_req_report_event_process
                0x00000000080038f2       0x2e ./Middlewares/ST/BlueNRG-2/hci/bluenrg1_events.o
                0x00000000080038f2                aci_hal_scan_req_report_event_process
 .text.aci_hal_fw_error_event_process
                0x0000000008003920       0x2c ./Middlewares/ST/BlueNRG-2/hci/bluenrg1_events.o
                0x0000000008003920                aci_hal_fw_error_event_process
 .text.aci_gap_limited_discoverable_event_process
                0x000000000800394c       0x1a ./Middlewares/ST/BlueNRG-2/hci/bluenrg1_events.o
                0x000000000800394c                aci_gap_limited_discoverable_event_process
 .text.aci_gap_pairing_complete_event_process
                0x0000000008003966       0x2e ./Middlewares/ST/BlueNRG-2/hci/bluenrg1_events.o
                0x0000000008003966                aci_gap_pairing_complete_event_process
 .text.aci_gap_pass_key_req_event_process
                0x0000000008003994       0x26 ./Middlewares/ST/BlueNRG-2/hci/bluenrg1_events.o
                0x0000000008003994                aci_gap_pass_key_req_event_process
 .text.aci_gap_authorization_req_event_process
                0x00000000080039ba       0x26 ./Middlewares/ST/BlueNRG-2/hci/bluenrg1_events.o
                0x00000000080039ba                aci_gap_authorization_req_event_process
 .text.aci_gap_slave_security_initiated_event_process
                0x00000000080039e0       0x1a ./Middlewares/ST/BlueNRG-2/hci/bluenrg1_events.o
                0x00000000080039e0                aci_gap_slave_security_initiated_event_process
 .text.aci_gap_bond_lost_event_process
                0x00000000080039fa       0x1a ./Middlewares/ST/BlueNRG-2/hci/bluenrg1_events.o
                0x00000000080039fa                aci_gap_bond_lost_event_process
 .text.aci_gap_proc_complete_event_process
                0x0000000008003a14       0x2e ./Middlewares/ST/BlueNRG-2/hci/bluenrg1_events.o
                0x0000000008003a14                aci_gap_proc_complete_event_process
 .text.aci_gap_addr_not_resolved_event_process
                0x0000000008003a42       0x26 ./Middlewares/ST/BlueNRG-2/hci/bluenrg1_events.o
                0x0000000008003a42                aci_gap_addr_not_resolved_event_process
 .text.aci_gap_numeric_comparison_value_event_process
                0x0000000008003a68       0x2e ./Middlewares/ST/BlueNRG-2/hci/bluenrg1_events.o
                0x0000000008003a68                aci_gap_numeric_comparison_value_event_process
 .text.aci_gap_keypress_notification_event_process
                0x0000000008003a96       0x2c ./Middlewares/ST/BlueNRG-2/hci/bluenrg1_events.o
                0x0000000008003a96                aci_gap_keypress_notification_event_process
 .text.aci_l2cap_connection_update_resp_event_process
                0x0000000008003ac2       0x2e ./Middlewares/ST/BlueNRG-2/hci/bluenrg1_events.o
                0x0000000008003ac2                aci_l2cap_connection_update_resp_event_process
 .text.aci_l2cap_proc_timeout_event_process
                0x0000000008003af0       0x2e ./Middlewares/ST/BlueNRG-2/hci/bluenrg1_events.o
                0x0000000008003af0                aci_l2cap_proc_timeout_event_process
 .text.aci_l2cap_connection_update_req_event_process
                0x0000000008003b1e       0x5c ./Middlewares/ST/BlueNRG-2/hci/bluenrg1_events.o
                0x0000000008003b1e                aci_l2cap_connection_update_req_event_process
 .text.aci_l2cap_command_reject_event_process
                0x0000000008003b7a       0x3c ./Middlewares/ST/BlueNRG-2/hci/bluenrg1_events.o
                0x0000000008003b7a                aci_l2cap_command_reject_event_process
 .text.aci_gatt_attribute_modified_event_process
                0x0000000008003bb6       0x3e ./Middlewares/ST/BlueNRG-2/hci/bluenrg1_events.o
                0x0000000008003bb6                aci_gatt_attribute_modified_event_process
 .text.aci_gatt_proc_timeout_event_process
                0x0000000008003bf4       0x26 ./Middlewares/ST/BlueNRG-2/hci/bluenrg1_events.o
                0x0000000008003bf4                aci_gatt_proc_timeout_event_process
 .text.aci_att_exchange_mtu_resp_event_process
                0x0000000008003c1a       0x2e ./Middlewares/ST/BlueNRG-2/hci/bluenrg1_events.o
                0x0000000008003c1a                aci_att_exchange_mtu_resp_event_process
 .text.aci_att_find_info_resp_event_process
                0x0000000008003c48       0x30 ./Middlewares/ST/BlueNRG-2/hci/bluenrg1_events.o
                0x0000000008003c48                aci_att_find_info_resp_event_process
 .text.aci_att_find_by_type_value_resp_event_process
                0x0000000008003c78       0xb8 ./Middlewares/ST/BlueNRG-2/hci/bluenrg1_events.o
                0x0000000008003c78                aci_att_find_by_type_value_resp_event_process
 .text.aci_att_read_by_type_resp_event_process
                0x0000000008003d30       0x30 ./Middlewares/ST/BlueNRG-2/hci/bluenrg1_events.o
                0x0000000008003d30                aci_att_read_by_type_resp_event_process
 .text.aci_att_read_resp_event_process
                0x0000000008003d60       0x2e ./Middlewares/ST/BlueNRG-2/hci/bluenrg1_events.o
                0x0000000008003d60                aci_att_read_resp_event_process
 .text.aci_att_read_blob_resp_event_process
                0x0000000008003d8e       0x2e ./Middlewares/ST/BlueNRG-2/hci/bluenrg1_events.o
                0x0000000008003d8e                aci_att_read_blob_resp_event_process
 .text.aci_att_read_multiple_resp_event_process
                0x0000000008003dbc       0x2e ./Middlewares/ST/BlueNRG-2/hci/bluenrg1_events.o
                0x0000000008003dbc                aci_att_read_multiple_resp_event_process
 .text.aci_att_read_by_group_type_resp_event_process
                0x0000000008003dea       0x30 ./Middlewares/ST/BlueNRG-2/hci/bluenrg1_events.o
                0x0000000008003dea                aci_att_read_by_group_type_resp_event_process
 .text.aci_att_prepare_write_resp_event_process
                0x0000000008003e1a       0x3c ./Middlewares/ST/BlueNRG-2/hci/bluenrg1_events.o
                0x0000000008003e1a                aci_att_prepare_write_resp_event_process
 .text.aci_att_exec_write_resp_event_process
                0x0000000008003e56       0x26 ./Middlewares/ST/BlueNRG-2/hci/bluenrg1_events.o
                0x0000000008003e56                aci_att_exec_write_resp_event_process
 .text.aci_gatt_indication_event_process
                0x0000000008003e7c       0x32 ./Middlewares/ST/BlueNRG-2/hci/bluenrg1_events.o
                0x0000000008003e7c                aci_gatt_indication_event_process
 .text.aci_gatt_notification_event_process
                0x0000000008003eae       0x32 ./Middlewares/ST/BlueNRG-2/hci/bluenrg1_events.o
                0x0000000008003eae                aci_gatt_notification_event_process
 .text.aci_gatt_proc_complete_event_process
                0x0000000008003ee0       0x2c ./Middlewares/ST/BlueNRG-2/hci/bluenrg1_events.o
                0x0000000008003ee0                aci_gatt_proc_complete_event_process
 .text.aci_gatt_error_resp_event_process
                0x0000000008003f0c       0x34 ./Middlewares/ST/BlueNRG-2/hci/bluenrg1_events.o
                0x0000000008003f0c                aci_gatt_error_resp_event_process
 .text.aci_gatt_disc_read_char_by_uuid_resp_event_process
                0x0000000008003f40       0x32 ./Middlewares/ST/BlueNRG-2/hci/bluenrg1_events.o
                0x0000000008003f40                aci_gatt_disc_read_char_by_uuid_resp_event_process
 .text.aci_gatt_write_permit_req_event_process
                0x0000000008003f72       0x32 ./Middlewares/ST/BlueNRG-2/hci/bluenrg1_events.o
                0x0000000008003f72                aci_gatt_write_permit_req_event_process
 .text.aci_gatt_read_permit_req_event_process
                0x0000000008003fa4       0x32 ./Middlewares/ST/BlueNRG-2/hci/bluenrg1_events.o
                0x0000000008003fa4                aci_gatt_read_permit_req_event_process
 .text.aci_gatt_read_multi_permit_req_event_process
                0x0000000008003fd6       0x8c ./Middlewares/ST/BlueNRG-2/hci/bluenrg1_events.o
                0x0000000008003fd6                aci_gatt_read_multi_permit_req_event_process
 .text.aci_gatt_tx_pool_available_event_process
                0x0000000008004062       0x2e ./Middlewares/ST/BlueNRG-2/hci/bluenrg1_events.o
                0x0000000008004062                aci_gatt_tx_pool_available_event_process
 .text.aci_gatt_server_confirmation_event_process
                0x0000000008004090       0x26 ./Middlewares/ST/BlueNRG-2/hci/bluenrg1_events.o
                0x0000000008004090                aci_gatt_server_confirmation_event_process
 .text.aci_gatt_prepare_write_permit_req_event_process
                0x00000000080040b6       0x3c ./Middlewares/ST/BlueNRG-2/hci/bluenrg1_events.o
                0x00000000080040b6                aci_gatt_prepare_write_permit_req_event_process
 .text.hci_le_connection_complete_event_process
                0x00000000080040f2       0x68 ./Middlewares/ST/BlueNRG-2/hci/bluenrg1_events.o
                0x00000000080040f2                hci_le_connection_complete_event_process
 .text.hci_le_advertising_report_event_process
                0x000000000800415a      0x1c4 ./Middlewares/ST/BlueNRG-2/hci/bluenrg1_events.o
                0x000000000800415a                hci_le_advertising_report_event_process
 .text.hci_le_connection_update_complete_event_process
                0x000000000800431e       0x46 ./Middlewares/ST/BlueNRG-2/hci/bluenrg1_events.o
                0x000000000800431e                hci_le_connection_update_complete_event_process
 .text.hci_le_read_remote_used_features_complete_event_process
                0x0000000008004364       0x30 ./Middlewares/ST/BlueNRG-2/hci/bluenrg1_events.o
                0x0000000008004364                hci_le_read_remote_used_features_complete_event_process
 .text.hci_le_long_term_key_request_event_process
                0x0000000008004394       0x30 ./Middlewares/ST/BlueNRG-2/hci/bluenrg1_events.o
                0x0000000008004394                hci_le_long_term_key_request_event_process
 .text.hci_le_data_length_change_event_process
                0x00000000080043c4       0x40 ./Middlewares/ST/BlueNRG-2/hci/bluenrg1_events.o
                0x00000000080043c4                hci_le_data_length_change_event_process
 .text.hci_le_read_local_p256_public_key_complete_event_process
                0x0000000008004404       0x2a ./Middlewares/ST/BlueNRG-2/hci/bluenrg1_events.o
                0x0000000008004404                hci_le_read_local_p256_public_key_complete_event_process
 .text.hci_le_generate_dhkey_complete_event_process
                0x000000000800442e       0x2a ./Middlewares/ST/BlueNRG-2/hci/bluenrg1_events.o
                0x000000000800442e                hci_le_generate_dhkey_complete_event_process
 .text.hci_le_enhanced_connection_complete_event_process
                0x0000000008004458       0x7c ./Middlewares/ST/BlueNRG-2/hci/bluenrg1_events.o
                0x0000000008004458                hci_le_enhanced_connection_complete_event_process
 .text.hci_le_direct_advertising_report_event_process
                0x00000000080044d4      0x166 ./Middlewares/ST/BlueNRG-2/hci/bluenrg1_events.o
                0x00000000080044d4                hci_le_direct_advertising_report_event_process
 .text.hci_encryption_change_event
                0x000000000800463a       0x1e ./Middlewares/ST/BlueNRG-2/hci/bluenrg1_events_cb.o
                0x000000000800463a                hci_encryption_change_event
 .text.hci_read_remote_version_information_complete_event
                0x0000000008004658       0x28 ./Middlewares/ST/BlueNRG-2/hci/bluenrg1_events_cb.o
                0x0000000008004658                hci_read_remote_version_information_complete_event
 .text.hci_hardware_error_event
                0x0000000008004680       0x16 ./Middlewares/ST/BlueNRG-2/hci/bluenrg1_events_cb.o
                0x0000000008004680                hci_hardware_error_event
 .text.hci_number_of_completed_packets_event
                0x0000000008004696       0x18 ./Middlewares/ST/BlueNRG-2/hci/bluenrg1_events_cb.o
                0x0000000008004696                hci_number_of_completed_packets_event
 .text.hci_data_buffer_overflow_event
                0x00000000080046ae       0x16 ./Middlewares/ST/BlueNRG-2/hci/bluenrg1_events_cb.o
                0x00000000080046ae                hci_data_buffer_overflow_event
 .text.hci_encryption_key_refresh_complete_event
                0x00000000080046c4       0x1c ./Middlewares/ST/BlueNRG-2/hci/bluenrg1_events_cb.o
                0x00000000080046c4                hci_encryption_key_refresh_complete_event
 .text.hci_le_advertising_report_event
                0x00000000080046e0       0x18 ./Middlewares/ST/BlueNRG-2/hci/bluenrg1_events_cb.o
                0x00000000080046e0                hci_le_advertising_report_event
 .text.hci_le_connection_update_complete_event
                0x00000000080046f8       0x28 ./Middlewares/ST/BlueNRG-2/hci/bluenrg1_events_cb.o
                0x00000000080046f8                hci_le_connection_update_complete_event
 .text.hci_le_read_remote_used_features_complete_event
                0x0000000008004720       0x1c ./Middlewares/ST/BlueNRG-2/hci/bluenrg1_events_cb.o
                0x0000000008004720                hci_le_read_remote_used_features_complete_event
 .text.hci_le_long_term_key_request_event
                0x000000000800473c       0x1c ./Middlewares/ST/BlueNRG-2/hci/bluenrg1_events_cb.o
                0x000000000800473c                hci_le_long_term_key_request_event
 .text.hci_le_data_length_change_event
                0x0000000008004758       0x28 ./Middlewares/ST/BlueNRG-2/hci/bluenrg1_events_cb.o
                0x0000000008004758                hci_le_data_length_change_event
 .text.hci_le_read_local_p256_public_key_complete_event
                0x0000000008004780       0x18 ./Middlewares/ST/BlueNRG-2/hci/bluenrg1_events_cb.o
                0x0000000008004780                hci_le_read_local_p256_public_key_complete_event
 .text.hci_le_generate_dhkey_complete_event
                0x0000000008004798       0x18 ./Middlewares/ST/BlueNRG-2/hci/bluenrg1_events_cb.o
                0x0000000008004798                hci_le_generate_dhkey_complete_event
 .text.hci_le_enhanced_connection_complete_event
                0x00000000080047b0       0x28 ./Middlewares/ST/BlueNRG-2/hci/bluenrg1_events_cb.o
                0x00000000080047b0                hci_le_enhanced_connection_complete_event
 .text.hci_le_direct_advertising_report_event
                0x00000000080047d8       0x18 ./Middlewares/ST/BlueNRG-2/hci/bluenrg1_events_cb.o
                0x00000000080047d8                hci_le_direct_advertising_report_event
 .text.aci_gap_limited_discoverable_event
                0x00000000080047f0        0xe ./Middlewares/ST/BlueNRG-2/hci/bluenrg1_events_cb.o
                0x00000000080047f0                aci_gap_limited_discoverable_event
 .text.aci_gap_pairing_complete_event
                0x00000000080047fe       0x1e ./Middlewares/ST/BlueNRG-2/hci/bluenrg1_events_cb.o
                0x00000000080047fe                aci_gap_pairing_complete_event
 .text.aci_gap_pass_key_req_event
                0x000000000800481c       0x16 ./Middlewares/ST/BlueNRG-2/hci/bluenrg1_events_cb.o
                0x000000000800481c                aci_gap_pass_key_req_event
 .text.aci_gap_authorization_req_event
                0x0000000008004832       0x16 ./Middlewares/ST/BlueNRG-2/hci/bluenrg1_events_cb.o
                0x0000000008004832                aci_gap_authorization_req_event
 .text.aci_gap_slave_security_initiated_event
                0x0000000008004848        0xe ./Middlewares/ST/BlueNRG-2/hci/bluenrg1_events_cb.o
                0x0000000008004848                aci_gap_slave_security_initiated_event
 .text.aci_gap_bond_lost_event
                0x0000000008004856        0xe ./Middlewares/ST/BlueNRG-2/hci/bluenrg1_events_cb.o
                0x0000000008004856                aci_gap_bond_lost_event
 .text.aci_gap_proc_complete_event
                0x0000000008004864       0x20 ./Middlewares/ST/BlueNRG-2/hci/bluenrg1_events_cb.o
                0x0000000008004864                aci_gap_proc_complete_event
 .text.aci_gap_addr_not_resolved_event
                0x0000000008004884       0x16 ./Middlewares/ST/BlueNRG-2/hci/bluenrg1_events_cb.o
                0x0000000008004884                aci_gap_addr_not_resolved_event
 .text.aci_gap_numeric_comparison_value_event
                0x000000000800489a       0x18 ./Middlewares/ST/BlueNRG-2/hci/bluenrg1_events_cb.o
                0x000000000800489a                aci_gap_numeric_comparison_value_event
 .text.aci_gap_keypress_notification_event
                0x00000000080048b2       0x1c ./Middlewares/ST/BlueNRG-2/hci/bluenrg1_events_cb.o
                0x00000000080048b2                aci_gap_keypress_notification_event
 .text.aci_gatt_attribute_modified_event
                0x00000000080048ce       0x28 ./Middlewares/ST/BlueNRG-2/hci/bluenrg1_events_cb.o
                0x00000000080048ce                aci_gatt_attribute_modified_event
 .text.aci_gatt_proc_timeout_event
                0x00000000080048f6       0x16 ./Middlewares/ST/BlueNRG-2/hci/bluenrg1_events_cb.o
                0x00000000080048f6                aci_gatt_proc_timeout_event
 .text.aci_att_exchange_mtu_resp_event
                0x000000000800490c       0x1c ./Middlewares/ST/BlueNRG-2/hci/bluenrg1_events_cb.o
                0x000000000800490c                aci_att_exchange_mtu_resp_event
 .text.aci_att_find_info_resp_event
                0x0000000008004928       0x20 ./Middlewares/ST/BlueNRG-2/hci/bluenrg1_events_cb.o
                0x0000000008004928                aci_att_find_info_resp_event
 .text.aci_att_find_by_type_value_resp_event
                0x0000000008004948       0x1c ./Middlewares/ST/BlueNRG-2/hci/bluenrg1_events_cb.o
                0x0000000008004948                aci_att_find_by_type_value_resp_event
 .text.aci_att_read_by_type_resp_event
                0x0000000008004964       0x20 ./Middlewares/ST/BlueNRG-2/hci/bluenrg1_events_cb.o
                0x0000000008004964                aci_att_read_by_type_resp_event
 .text.aci_att_read_resp_event
                0x0000000008004984       0x1c ./Middlewares/ST/BlueNRG-2/hci/bluenrg1_events_cb.o
                0x0000000008004984                aci_att_read_resp_event
 .text.aci_att_read_blob_resp_event
                0x00000000080049a0       0x1c ./Middlewares/ST/BlueNRG-2/hci/bluenrg1_events_cb.o
                0x00000000080049a0                aci_att_read_blob_resp_event
 .text.aci_att_read_multiple_resp_event
                0x00000000080049bc       0x1c ./Middlewares/ST/BlueNRG-2/hci/bluenrg1_events_cb.o
                0x00000000080049bc                aci_att_read_multiple_resp_event
 .text.aci_att_read_by_group_type_resp_event
                0x00000000080049d8       0x20 ./Middlewares/ST/BlueNRG-2/hci/bluenrg1_events_cb.o
                0x00000000080049d8                aci_att_read_by_group_type_resp_event
 .text.aci_att_prepare_write_resp_event
                0x00000000080049f8       0x28 ./Middlewares/ST/BlueNRG-2/hci/bluenrg1_events_cb.o
                0x00000000080049f8                aci_att_prepare_write_resp_event
 .text.aci_att_exec_write_resp_event
                0x0000000008004a20       0x16 ./Middlewares/ST/BlueNRG-2/hci/bluenrg1_events_cb.o
                0x0000000008004a20                aci_att_exec_write_resp_event
 .text.aci_gatt_indication_event
                0x0000000008004a36       0x20 ./Middlewares/ST/BlueNRG-2/hci/bluenrg1_events_cb.o
                0x0000000008004a36                aci_gatt_indication_event
 .text.aci_gatt_notification_event
                0x0000000008004a56       0x20 ./Middlewares/ST/BlueNRG-2/hci/bluenrg1_events_cb.o
                0x0000000008004a56                aci_gatt_notification_event
 .text.aci_gatt_proc_complete_event
                0x0000000008004a76       0x1c ./Middlewares/ST/BlueNRG-2/hci/bluenrg1_events_cb.o
                0x0000000008004a76                aci_gatt_proc_complete_event
 .text.aci_gatt_error_resp_event
                0x0000000008004a92       0x28 ./Middlewares/ST/BlueNRG-2/hci/bluenrg1_events_cb.o
                0x0000000008004a92                aci_gatt_error_resp_event
 .text.aci_gatt_disc_read_char_by_uuid_resp_event
                0x0000000008004aba       0x20 ./Middlewares/ST/BlueNRG-2/hci/bluenrg1_events_cb.o
                0x0000000008004aba                aci_gatt_disc_read_char_by_uuid_resp_event
 .text.aci_gatt_write_permit_req_event
                0x0000000008004ada       0x20 ./Middlewares/ST/BlueNRG-2/hci/bluenrg1_events_cb.o
                0x0000000008004ada                aci_gatt_write_permit_req_event
 .text.aci_gatt_read_multi_permit_req_event
                0x0000000008004afa       0x1c ./Middlewares/ST/BlueNRG-2/hci/bluenrg1_events_cb.o
                0x0000000008004afa                aci_gatt_read_multi_permit_req_event
 .text.aci_gatt_tx_pool_available_event
                0x0000000008004b16       0x1c ./Middlewares/ST/BlueNRG-2/hci/bluenrg1_events_cb.o
                0x0000000008004b16                aci_gatt_tx_pool_available_event
 .text.aci_gatt_server_confirmation_event
                0x0000000008004b32       0x16 ./Middlewares/ST/BlueNRG-2/hci/bluenrg1_events_cb.o
                0x0000000008004b32                aci_gatt_server_confirmation_event
 .text.aci_gatt_prepare_write_permit_req_event
                0x0000000008004b48       0x28 ./Middlewares/ST/BlueNRG-2/hci/bluenrg1_events_cb.o
                0x0000000008004b48                aci_gatt_prepare_write_permit_req_event
 .text.aci_l2cap_connection_update_resp_event
                0x0000000008004b70       0x1c ./Middlewares/ST/BlueNRG-2/hci/bluenrg1_events_cb.o
                0x0000000008004b70                aci_l2cap_connection_update_resp_event
 .text.aci_l2cap_proc_timeout_event
                0x0000000008004b8c       0x1c ./Middlewares/ST/BlueNRG-2/hci/bluenrg1_events_cb.o
                0x0000000008004b8c                aci_l2cap_proc_timeout_event
 .text.aci_l2cap_connection_update_req_event
                0x0000000008004ba8       0x28 ./Middlewares/ST/BlueNRG-2/hci/bluenrg1_events_cb.o
                0x0000000008004ba8                aci_l2cap_connection_update_req_event
 .text.aci_l2cap_command_reject_event
                0x0000000008004bd0       0x28 ./Middlewares/ST/BlueNRG-2/hci/bluenrg1_events_cb.o
                0x0000000008004bd0                aci_l2cap_command_reject_event
 .text.aci_blue_initialized_event
                0x0000000008004bf8       0x16 ./Middlewares/ST/BlueNRG-2/hci/bluenrg1_events_cb.o
                0x0000000008004bf8                aci_blue_initialized_event
 .text.aci_blue_events_lost_event
                0x0000000008004c0e       0x14 ./Middlewares/ST/BlueNRG-2/hci/bluenrg1_events_cb.o
                0x0000000008004c0e                aci_blue_events_lost_event
 .text.aci_blue_crash_info_event
                0x0000000008004c22       0x1c ./Middlewares/ST/BlueNRG-2/hci/bluenrg1_events_cb.o
                0x0000000008004c22                aci_blue_crash_info_event
 .text.aci_hal_end_of_radio_activity_event
                0x0000000008004c3e       0x1c ./Middlewares/ST/BlueNRG-2/hci/bluenrg1_events_cb.o
                0x0000000008004c3e                aci_hal_end_of_radio_activity_event
 .text.aci_hal_scan_req_report_event
                0x0000000008004c5a       0x1c ./Middlewares/ST/BlueNRG-2/hci/bluenrg1_events_cb.o
                0x0000000008004c5a                aci_hal_scan_req_report_event
 .text.aci_hal_fw_error_event
                0x0000000008004c76       0x1c ./Middlewares/ST/BlueNRG-2/hci/bluenrg1_events_cb.o
                0x0000000008004c76                aci_hal_fw_error_event
 .text.hci_reset
                0x0000000008004c92       0x52 ./Middlewares/ST/BlueNRG-2/hci/bluenrg1_hci_le.o
                0x0000000008004c92                hci_reset
 .text.aci_gap_set_discoverable
                0x0000000008004ce4      0x1ca ./Middlewares/ST/BlueNRG-2/hci/controller/bluenrg1_gap_aci.o
                0x0000000008004ce4                aci_gap_set_discoverable
 .text.aci_gap_init
                0x0000000008004eae      0x116 ./Middlewares/ST/BlueNRG-2/hci/controller/bluenrg1_gap_aci.o
                0x0000000008004eae                aci_gap_init
 .text.aci_gatt_init
                0x0000000008004fc4       0x54 ./Middlewares/ST/BlueNRG-2/hci/controller/bluenrg1_gatt_aci.o
                0x0000000008004fc4                aci_gatt_init
 .text.aci_gatt_add_service
                0x0000000008005018      0x15e ./Middlewares/ST/BlueNRG-2/hci/controller/bluenrg1_gatt_aci.o
                0x0000000008005018                aci_gatt_add_service
 .text.aci_gatt_add_char
                0x0000000008005176      0x1d4 ./Middlewares/ST/BlueNRG-2/hci/controller/bluenrg1_gatt_aci.o
                0x0000000008005176                aci_gatt_add_char
 .text.aci_gatt_update_char_value
                0x000000000800534a      0x11c ./Middlewares/ST/BlueNRG-2/hci/controller/bluenrg1_gatt_aci.o
                0x000000000800534a                aci_gatt_update_char_value
 .text.aci_gatt_allow_read
                0x0000000008005466       0xa4 ./Middlewares/ST/BlueNRG-2/hci/controller/bluenrg1_gatt_aci.o
                0x0000000008005466                aci_gatt_allow_read
 .text.aci_hal_write_config_data
                0x000000000800550a       0xe0 ./Middlewares/ST/BlueNRG-2/hci/controller/bluenrg1_hal_aci.o
                0x000000000800550a                aci_hal_write_config_data
 .text.verify_packet
                0x00000000080055ea       0x40 ./Middlewares/ST/BlueNRG-2/hci/hci_tl_patterns/Basic/hci_tl.o
 *fill*         0x000000000800562a        0x2 
 .text.send_cmd
                0x000000000800562c       0x80 ./Middlewares/ST/BlueNRG-2/hci/hci_tl_patterns/Basic/hci_tl.o
 .text.move_list
                0x00000000080056ac       0x38 ./Middlewares/ST/BlueNRG-2/hci/hci_tl_patterns/Basic/hci_tl.o
 .text.free_event_list
                0x00000000080056e4       0x3c ./Middlewares/ST/BlueNRG-2/hci/hci_tl_patterns/Basic/hci_tl.o
 .text.hci_init
                0x0000000008005720       0x84 ./Middlewares/ST/BlueNRG-2/hci/hci_tl_patterns/Basic/hci_tl.o
                0x0000000008005720                hci_init
 .text.hci_register_io_bus
                0x00000000080057a4       0x40 ./Middlewares/ST/BlueNRG-2/hci/hci_tl_patterns/Basic/hci_tl.o
                0x00000000080057a4                hci_register_io_bus
 .text.hci_send_req
                0x00000000080057e4      0x234 ./Middlewares/ST/BlueNRG-2/hci/hci_tl_patterns/Basic/hci_tl.o
                0x00000000080057e4                hci_send_req
 .text.hci_user_evt_proc
                0x0000000008005a18       0x58 ./Middlewares/ST/BlueNRG-2/hci/hci_tl_patterns/Basic/hci_tl.o
                0x0000000008005a18                hci_user_evt_proc
 .text.hci_notify_asynch_evt
                0x0000000008005a70       0x9c ./Middlewares/ST/BlueNRG-2/hci/hci_tl_patterns/Basic/hci_tl.o
                0x0000000008005a70                hci_notify_asynch_evt
 .text.list_init_head
                0x0000000008005b0c       0x20 ./Middlewares/ST/BlueNRG-2/utils/ble_list.o
                0x0000000008005b0c                list_init_head
 .text.list_is_empty
                0x0000000008005b2c       0x44 ./Middlewares/ST/BlueNRG-2/utils/ble_list.o
                0x0000000008005b2c                list_is_empty
 .text.list_insert_head
                0x0000000008005b70       0x4c ./Middlewares/ST/BlueNRG-2/utils/ble_list.o
                0x0000000008005b70                list_insert_head
 .text.list_insert_tail
                0x0000000008005bbc       0x4c ./Middlewares/ST/BlueNRG-2/utils/ble_list.o
                0x0000000008005bbc                list_insert_tail
 .text.list_remove_node
                0x0000000008005c08       0x42 ./Middlewares/ST/BlueNRG-2/utils/ble_list.o
                0x0000000008005c08                list_remove_node
 .text.list_remove_head
                0x0000000008005c4a       0x4e ./Middlewares/ST/BlueNRG-2/utils/ble_list.o
                0x0000000008005c4a                list_remove_head
 .text.list_remove_tail
                0x0000000008005c98       0x4e ./Middlewares/ST/BlueNRG-2/utils/ble_list.o
                0x0000000008005c98                list_remove_tail
 .text.list_get_size
                0x0000000008005ce6       0x50 ./Middlewares/ST/BlueNRG-2/utils/ble_list.o
                0x0000000008005ce6                list_get_size
 *fill*         0x0000000008005d36        0x2 
 .text.__errno  0x0000000008005d38        0xc c:/st/stm32cubeide_1.8.0/stm32cubeide/plugins/com.st.stm32cube.ide.mcu.externaltools.gnu-tools-for-stm32.9-2020-q2-update.win32_2.0.0.202105311346/tools/bin/../lib/gcc/arm-none-eabi/9.3.1/../../../../arm-none-eabi/lib/thumb/v7e-m+fp/hard\libc_nano.a(lib_a-errno.o)
                0x0000000008005d38                __errno
 .text.__libc_init_array
                0x0000000008005d44       0x48 c:/st/stm32cubeide_1.8.0/stm32cubeide/plugins/com.st.stm32cube.ide.mcu.externaltools.gnu-tools-for-stm32.9-2020-q2-update.win32_2.0.0.202105311346/tools/bin/../lib/gcc/arm-none-eabi/9.3.1/../../../../arm-none-eabi/lib/thumb/v7e-m+fp/hard\libc_nano.a(lib_a-init.o)
                0x0000000008005d44                __libc_init_array
 .text.memcpy   0x0000000008005d8c       0x1c c:/st/stm32cubeide_1.8.0/stm32cubeide/plugins/com.st.stm32cube.ide.mcu.externaltools.gnu-tools-for-stm32.9-2020-q2-update.win32_2.0.0.202105311346/tools/bin/../lib/gcc/arm-none-eabi/9.3.1/../../../../arm-none-eabi/lib/thumb/v7e-m+fp/hard\libc_nano.a(lib_a-memcpy-stub.o)
                0x0000000008005d8c                memcpy
 .text.memset   0x0000000008005da8       0x10 c:/st/stm32cubeide_1.8.0/stm32cubeide/plugins/com.st.stm32cube.ide.mcu.externaltools.gnu-tools-for-stm32.9-2020-q2-update.win32_2.0.0.202105311346/tools/bin/../lib/gcc/arm-none-eabi/9.3.1/../../../../arm-none-eabi/lib/thumb/v7e-m+fp/hard\libc_nano.a(lib_a-memset.o)
                0x0000000008005da8                memset
 .text.printf   0x0000000008005db8       0x30 c:/st/stm32cubeide_1.8.0/stm32cubeide/plugins/com.st.stm32cube.ide.mcu.externaltools.gnu-tools-for-stm32.9-2020-q2-update.win32_2.0.0.202105311346/tools/bin/../lib/gcc/arm-none-eabi/9.3.1/../../../../arm-none-eabi/lib/thumb/v7e-m+fp/hard\libc_nano.a(lib_a-printf.o)
                0x0000000008005db8                iprintf
                0x0000000008005db8                printf
 .text.std      0x0000000008005de8       0x48 c:/st/stm32cubeide_1.8.0/stm32cubeide/plugins/com.st.stm32cube.ide.mcu.externaltools.gnu-tools-for-stm32.9-2020-q2-update.win32_2.0.0.202105311346/tools/bin/../lib/gcc/arm-none-eabi/9.3.1/../../../../arm-none-eabi/lib/thumb/v7e-m+fp/hard\libc_nano.a(lib_a-findfp.o)
 .text._cleanup_r
                0x0000000008005e30        0xc c:/st/stm32cubeide_1.8.0/stm32cubeide/plugins/com.st.stm32cube.ide.mcu.externaltools.gnu-tools-for-stm32.9-2020-q2-update.win32_2.0.0.202105311346/tools/bin/../lib/gcc/arm-none-eabi/9.3.1/../../../../arm-none-eabi/lib/thumb/v7e-m+fp/hard\libc_nano.a(lib_a-findfp.o)
                0x0000000008005e30                _cleanup_r
 .text.__sfmoreglue
                0x0000000008005e3c       0x2c c:/st/stm32cubeide_1.8.0/stm32cubeide/plugins/com.st.stm32cube.ide.mcu.externaltools.gnu-tools-for-stm32.9-2020-q2-update.win32_2.0.0.202105311346/tools/bin/../lib/gcc/arm-none-eabi/9.3.1/../../../../arm-none-eabi/lib/thumb/v7e-m+fp/hard\libc_nano.a(lib_a-findfp.o)
                0x0000000008005e3c                __sfmoreglue
 .text.__sfp_lock_acquire
                0x0000000008005e68        0xc c:/st/stm32cubeide_1.8.0/stm32cubeide/plugins/com.st.stm32cube.ide.mcu.externaltools.gnu-tools-for-stm32.9-2020-q2-update.win32_2.0.0.202105311346/tools/bin/../lib/gcc/arm-none-eabi/9.3.1/../../../../arm-none-eabi/lib/thumb/v7e-m+fp/hard\libc_nano.a(lib_a-findfp.o)
                0x0000000008005e68                __sfp_lock_acquire
 .text.__sfp_lock_release
                0x0000000008005e74        0xc c:/st/stm32cubeide_1.8.0/stm32cubeide/plugins/com.st.stm32cube.ide.mcu.externaltools.gnu-tools-for-stm32.9-2020-q2-update.win32_2.0.0.202105311346/tools/bin/../lib/gcc/arm-none-eabi/9.3.1/../../../../arm-none-eabi/lib/thumb/v7e-m+fp/hard\libc_nano.a(lib_a-findfp.o)
                0x0000000008005e74                __sfp_lock_release
 .text.__sinit_lock_acquire
                0x0000000008005e80        0xc c:/st/stm32cubeide_1.8.0/stm32cubeide/plugins/com.st.stm32cube.ide.mcu.externaltools.gnu-tools-for-stm32.9-2020-q2-update.win32_2.0.0.202105311346/tools/bin/../lib/gcc/arm-none-eabi/9.3.1/../../../../arm-none-eabi/lib/thumb/v7e-m+fp/hard\libc_nano.a(lib_a-findfp.o)
                0x0000000008005e80                __sinit_lock_acquire
 .text.__sinit_lock_release
                0x0000000008005e8c        0xc c:/st/stm32cubeide_1.8.0/stm32cubeide/plugins/com.st.stm32cube.ide.mcu.externaltools.gnu-tools-for-stm32.9-2020-q2-update.win32_2.0.0.202105311346/tools/bin/../lib/gcc/arm-none-eabi/9.3.1/../../../../arm-none-eabi/lib/thumb/v7e-m+fp/hard\libc_nano.a(lib_a-findfp.o)
                0x0000000008005e8c                __sinit_lock_release
 .text.__sinit  0x0000000008005e98       0x70 c:/st/stm32cubeide_1.8.0/stm32cubeide/plugins/com.st.stm32cube.ide.mcu.externaltools.gnu-tools-for-stm32.9-2020-q2-update.win32_2.0.0.202105311346/tools/bin/../lib/gcc/arm-none-eabi/9.3.1/../../../../arm-none-eabi/lib/thumb/v7e-m+fp/hard\libc_nano.a(lib_a-findfp.o)
                0x0000000008005e98                __sinit
 .text.__sfp    0x0000000008005f08       0x8c c:/st/stm32cubeide_1.8.0/stm32cubeide/plugins/com.st.stm32cube.ide.mcu.externaltools.gnu-tools-for-stm32.9-2020-q2-update.win32_2.0.0.202105311346/tools/bin/../lib/gcc/arm-none-eabi/9.3.1/../../../../arm-none-eabi/lib/thumb/v7e-m+fp/hard\libc_nano.a(lib_a-findfp.o)
                0x0000000008005f08                __sfp
 .text._fwalk_reent
                0x0000000008005f94       0x3e c:/st/stm32cubeide_1.8.0/stm32cubeide/plugins/com.st.stm32cube.ide.mcu.externaltools.gnu-tools-for-stm32.9-2020-q2-update.win32_2.0.0.202105311346/tools/bin/../lib/gcc/arm-none-eabi/9.3.1/../../../../arm-none-eabi/lib/thumb/v7e-m+fp/hard\libc_nano.a(lib_a-fwalk.o)
                0x0000000008005f94                _fwalk_reent
 .text.__retarget_lock_init_recursive
                0x0000000008005fd2        0x2 c:/st/stm32cubeide_1.8.0/stm32cubeide/plugins/com.st.stm32cube.ide.mcu.externaltools.gnu-tools-for-stm32.9-2020-q2-update.win32_2.0.0.202105311346/tools/bin/../lib/gcc/arm-none-eabi/9.3.1/../../../../arm-none-eabi/lib/thumb/v7e-m+fp/hard\libc_nano.a(lib_a-lock.o)
                0x0000000008005fd2                __retarget_lock_init_recursive
 .text.__retarget_lock_acquire_recursive
                0x0000000008005fd4        0x2 c:/st/stm32cubeide_1.8.0/stm32cubeide/plugins/com.st.stm32cube.ide.mcu.externaltools.gnu-tools-for-stm32.9-2020-q2-update.win32_2.0.0.202105311346/tools/bin/../lib/gcc/arm-none-eabi/9.3.1/../../../../arm-none-eabi/lib/thumb/v7e-m+fp/hard\libc_nano.a(lib_a-lock.o)
                0x0000000008005fd4                __retarget_lock_acquire_recursive
 .text.__retarget_lock_release_recursive
                0x0000000008005fd6        0x2 c:/st/stm32cubeide_1.8.0/stm32cubeide/plugins/com.st.stm32cube.ide.mcu.externaltools.gnu-tools-for-stm32.9-2020-q2-update.win32_2.0.0.202105311346/tools/bin/../lib/gcc/arm-none-eabi/9.3.1/../../../../arm-none-eabi/lib/thumb/v7e-m+fp/hard\libc_nano.a(lib_a-lock.o)
                0x0000000008005fd6                __retarget_lock_release_recursive
 .text._malloc_r
                0x0000000008005fd8       0xb4 c:/st/stm32cubeide_1.8.0/stm32cubeide/plugins/com.st.stm32cube.ide.mcu.externaltools.gnu-tools-for-stm32.9-2020-q2-update.win32_2.0.0.202105311346/tools/bin/../lib/gcc/arm-none-eabi/9.3.1/../../../../arm-none-eabi/lib/thumb/v7e-m+fp/hard\libc_nano.a(lib_a-nano-mallocr.o)
                0x0000000008005fd8                _malloc_r
 .text.__sfputc_r
                0x000000000800608c       0x2e c:/st/stm32cubeide_1.8.0/stm32cubeide/plugins/com.st.stm32cube.ide.mcu.externaltools.gnu-tools-for-stm32.9-2020-q2-update.win32_2.0.0.202105311346/tools/bin/../lib/gcc/arm-none-eabi/9.3.1/../../../../arm-none-eabi/lib/thumb/v7e-m+fp/hard\libc_nano.a(lib_a-nano-vfprintf.o)
 .text.__sfputs_r
                0x00000000080060ba       0x24 c:/st/stm32cubeide_1.8.0/stm32cubeide/plugins/com.st.stm32cube.ide.mcu.externaltools.gnu-tools-for-stm32.9-2020-q2-update.win32_2.0.0.202105311346/tools/bin/../lib/gcc/arm-none-eabi/9.3.1/../../../../arm-none-eabi/lib/thumb/v7e-m+fp/hard\libc_nano.a(lib_a-nano-vfprintf.o)
                0x00000000080060ba                __sfputs_r
 *fill*         0x00000000080060de        0x2 
 .text._vfprintf_r
                0x00000000080060e0      0x260 c:/st/stm32cubeide_1.8.0/stm32cubeide/plugins/com.st.stm32cube.ide.mcu.externaltools.gnu-tools-for-stm32.9-2020-q2-update.win32_2.0.0.202105311346/tools/bin/../lib/gcc/arm-none-eabi/9.3.1/../../../../arm-none-eabi/lib/thumb/v7e-m+fp/hard\libc_nano.a(lib_a-nano-vfprintf.o)
                0x00000000080060e0                _vfprintf_r
                0x00000000080060e0                _vfiprintf_r
 .text._printf_common
                0x0000000008006340       0xda c:/st/stm32cubeide_1.8.0/stm32cubeide/plugins/com.st.stm32cube.ide.mcu.externaltools.gnu-tools-for-stm32.9-2020-q2-update.win32_2.0.0.202105311346/tools/bin/../lib/gcc/arm-none-eabi/9.3.1/../../../../arm-none-eabi/lib/thumb/v7e-m+fp/hard\libc_nano.a(lib_a-nano-vfprintf_i.o)
                0x0000000008006340                _printf_common
 *fill*         0x000000000800641a        0x2 
 .text._printf_i
                0x000000000800641c      0x24c c:/st/stm32cubeide_1.8.0/stm32cubeide/plugins/com.st.stm32cube.ide.mcu.externaltools.gnu-tools-for-stm32.9-2020-q2-update.win32_2.0.0.202105311346/tools/bin/../lib/gcc/arm-none-eabi/9.3.1/../../../../arm-none-eabi/lib/thumb/v7e-m+fp/hard\libc_nano.a(lib_a-nano-vfprintf_i.o)
                0x000000000800641c                _printf_i
 .text._sbrk_r  0x0000000008006668       0x20 c:/st/stm32cubeide_1.8.0/stm32cubeide/plugins/com.st.stm32cube.ide.mcu.externaltools.gnu-tools-for-stm32.9-2020-q2-update.win32_2.0.0.202105311346/tools/bin/../lib/gcc/arm-none-eabi/9.3.1/../../../../arm-none-eabi/lib/thumb/v7e-m+fp/hard\libc_nano.a(lib_a-sbrkr.o)
                0x0000000008006668                _sbrk_r
 .text.__sread  0x0000000008006688       0x22 c:/st/stm32cubeide_1.8.0/stm32cubeide/plugins/com.st.stm32cube.ide.mcu.externaltools.gnu-tools-for-stm32.9-2020-q2-update.win32_2.0.0.202105311346/tools/bin/../lib/gcc/arm-none-eabi/9.3.1/../../../../arm-none-eabi/lib/thumb/v7e-m+fp/hard\libc_nano.a(lib_a-stdio.o)
                0x0000000008006688                __sread
 .text.__swrite
                0x00000000080066aa       0x38 c:/st/stm32cubeide_1.8.0/stm32cubeide/plugins/com.st.stm32cube.ide.mcu.externaltools.gnu-tools-for-stm32.9-2020-q2-update.win32_2.0.0.202105311346/tools/bin/../lib/gcc/arm-none-eabi/9.3.1/../../../../arm-none-eabi/lib/thumb/v7e-m+fp/hard\libc_nano.a(lib_a-stdio.o)
                0x00000000080066aa                __swrite
 .text.__sseek  0x00000000080066e2       0x24 c:/st/stm32cubeide_1.8.0/stm32cubeide/plugins/com.st.stm32cube.ide.mcu.externaltools.gnu-tools-for-stm32.9-2020-q2-update.win32_2.0.0.202105311346/tools/bin/../lib/gcc/arm-none-eabi/9.3.1/../../../../arm-none-eabi/lib/thumb/v7e-m+fp/hard\libc_nano.a(lib_a-stdio.o)
                0x00000000080066e2                __sseek
 .text.__sclose
                0x0000000008006706        0x8 c:/st/stm32cubeide_1.8.0/stm32cubeide/plugins/com.st.stm32cube.ide.mcu.externaltools.gnu-tools-for-stm32.9-2020-q2-update.win32_2.0.0.202105311346/tools/bin/../lib/gcc/arm-none-eabi/9.3.1/../../../../arm-none-eabi/lib/thumb/v7e-m+fp/hard\libc_nano.a(lib_a-stdio.o)
                0x0000000008006706                __sclose
 *fill*         0x000000000800670e        0x2 
 .text.__swbuf_r
                0x0000000008006710       0xa4 c:/st/stm32cubeide_1.8.0/stm32cubeide/plugins/com.st.stm32cube.ide.mcu.externaltools.gnu-tools-for-stm32.9-2020-q2-update.win32_2.0.0.202105311346/tools/bin/../lib/gcc/arm-none-eabi/9.3.1/../../../../arm-none-eabi/lib/thumb/v7e-m+fp/hard\libc_nano.a(lib_a-wbuf.o)
                0x0000000008006710                __swbuf_r
 .text._write_r
                0x00000000080067b4       0x24 c:/st/stm32cubeide_1.8.0/stm32cubeide/plugins/com.st.stm32cube.ide.mcu.externaltools.gnu-tools-for-stm32.9-2020-q2-update.win32_2.0.0.202105311346/tools/bin/../lib/gcc/arm-none-eabi/9.3.1/../../../../arm-none-eabi/lib/thumb/v7e-m+fp/hard\libc_nano.a(lib_a-writer.o)
                0x00000000080067b4                _write_r
 .text.__swsetup_r
                0x00000000080067d8       0xdc c:/st/stm32cubeide_1.8.0/stm32cubeide/plugins/com.st.stm32cube.ide.mcu.externaltools.gnu-tools-for-stm32.9-2020-q2-update.win32_2.0.0.202105311346/tools/bin/../lib/gcc/arm-none-eabi/9.3.1/../../../../arm-none-eabi/lib/thumb/v7e-m+fp/hard\libc_nano.a(lib_a-wsetup.o)
                0x00000000080067d8                __swsetup_r
 .text._close_r
                0x00000000080068b4       0x20 c:/st/stm32cubeide_1.8.0/stm32cubeide/plugins/com.st.stm32cube.ide.mcu.externaltools.gnu-tools-for-stm32.9-2020-q2-update.win32_2.0.0.202105311346/tools/bin/../lib/gcc/arm-none-eabi/9.3.1/../../../../arm-none-eabi/lib/thumb/v7e-m+fp/hard\libc_nano.a(lib_a-closer.o)
                0x00000000080068b4                _close_r
 .text.__sflush_r
                0x00000000080068d4      0x10c c:/st/stm32cubeide_1.8.0/stm32cubeide/plugins/com.st.stm32cube.ide.mcu.externaltools.gnu-tools-for-stm32.9-2020-q2-update.win32_2.0.0.202105311346/tools/bin/../lib/gcc/arm-none-eabi/9.3.1/../../../../arm-none-eabi/lib/thumb/v7e-m+fp/hard\libc_nano.a(lib_a-fflush.o)
                0x00000000080068d4                __sflush_r
 .text._fflush_r
                0x00000000080069e0       0x78 c:/st/stm32cubeide_1.8.0/stm32cubeide/plugins/com.st.stm32cube.ide.mcu.externaltools.gnu-tools-for-stm32.9-2020-q2-update.win32_2.0.0.202105311346/tools/bin/../lib/gcc/arm-none-eabi/9.3.1/../../../../arm-none-eabi/lib/thumb/v7e-m+fp/hard\libc_nano.a(lib_a-fflush.o)
                0x00000000080069e0                _fflush_r
 .text._lseek_r
                0x0000000008006a58       0x24 c:/st/stm32cubeide_1.8.0/stm32cubeide/plugins/com.st.stm32cube.ide.mcu.externaltools.gnu-tools-for-stm32.9-2020-q2-update.win32_2.0.0.202105311346/tools/bin/../lib/gcc/arm-none-eabi/9.3.1/../../../../arm-none-eabi/lib/thumb/v7e-m+fp/hard\libc_nano.a(lib_a-lseekr.o)
                0x0000000008006a58                _lseek_r
 .text.__swhatbuf_r
                0x0000000008006a7c       0x48 c:/st/stm32cubeide_1.8.0/stm32cubeide/plugins/com.st.stm32cube.ide.mcu.externaltools.gnu-tools-for-stm32.9-2020-q2-update.win32_2.0.0.202105311346/tools/bin/../lib/gcc/arm-none-eabi/9.3.1/../../../../arm-none-eabi/lib/thumb/v7e-m+fp/hard\libc_nano.a(lib_a-makebuf.o)
                0x0000000008006a7c                __swhatbuf_r
 .text.__smakebuf_r
                0x0000000008006ac4       0x80 c:/st/stm32cubeide_1.8.0/stm32cubeide/plugins/com.st.stm32cube.ide.mcu.externaltools.gnu-tools-for-stm32.9-2020-q2-update.win32_2.0.0.202105311346/tools/bin/../lib/gcc/arm-none-eabi/9.3.1/../../../../arm-none-eabi/lib/thumb/v7e-m+fp/hard\libc_nano.a(lib_a-makebuf.o)
                0x0000000008006ac4                __smakebuf_r
 .text.__malloc_lock
                0x0000000008006b44        0xc c:/st/stm32cubeide_1.8.0/stm32cubeide/plugins/com.st.stm32cube.ide.mcu.externaltools.gnu-tools-for-stm32.9-2020-q2-update.win32_2.0.0.202105311346/tools/bin/../lib/gcc/arm-none-eabi/9.3.1/../../../../arm-none-eabi/lib/thumb/v7e-m+fp/hard\libc_nano.a(lib_a-mlock.o)
                0x0000000008006b44                __malloc_lock
 .text.__malloc_unlock
                0x0000000008006b50        0xc c:/st/stm32cubeide_1.8.0/stm32cubeide/plugins/com.st.stm32cube.ide.mcu.externaltools.gnu-tools-for-stm32.9-2020-q2-update.win32_2.0.0.202105311346/tools/bin/../lib/gcc/arm-none-eabi/9.3.1/../../../../arm-none-eabi/lib/thumb/v7e-m+fp/hard\libc_nano.a(lib_a-mlock.o)
                0x0000000008006b50                __malloc_unlock
 .text._free_r  0x0000000008006b5c       0xa0 c:/st/stm32cubeide_1.8.0/stm32cubeide/plugins/com.st.stm32cube.ide.mcu.externaltools.gnu-tools-for-stm32.9-2020-q2-update.win32_2.0.0.202105311346/tools/bin/../lib/gcc/arm-none-eabi/9.3.1/../../../../arm-none-eabi/lib/thumb/v7e-m+fp/hard\libc_nano.a(lib_a-nano-freer.o)
                0x0000000008006b5c                _free_r
 .text._read_r  0x0000000008006bfc       0x24 c:/st/stm32cubeide_1.8.0/stm32cubeide/plugins/com.st.stm32cube.ide.mcu.externaltools.gnu-tools-for-stm32.9-2020-q2-update.win32_2.0.0.202105311346/tools/bin/../lib/gcc/arm-none-eabi/9.3.1/../../../../arm-none-eabi/lib/thumb/v7e-m+fp/hard\libc_nano.a(lib_a-readr.o)
                0x0000000008006bfc                _read_r
 .text._fstat_r
                0x0000000008006c20       0x24 c:/st/stm32cubeide_1.8.0/stm32cubeide/plugins/com.st.stm32cube.ide.mcu.externaltools.gnu-tools-for-stm32.9-2020-q2-update.win32_2.0.0.202105311346/tools/bin/../lib/gcc/arm-none-eabi/9.3.1/../../../../arm-none-eabi/lib/thumb/v7e-m+fp/hard\libc_nano.a(lib_a-fstatr.o)
                0x0000000008006c20                _fstat_r
 .text._isatty_r
                0x0000000008006c44       0x20 c:/st/stm32cubeide_1.8.0/stm32cubeide/plugins/com.st.stm32cube.ide.mcu.externaltools.gnu-tools-for-stm32.9-2020-q2-update.win32_2.0.0.202105311346/tools/bin/../lib/gcc/arm-none-eabi/9.3.1/../../../../arm-none-eabi/lib/thumb/v7e-m+fp/hard\libc_nano.a(lib_a-isattyr.o)
                0x0000000008006c44                _isatty_r
 *(.glue_7)
 .glue_7        0x0000000008006c64        0x0 linker stubs
 *(.glue_7t)
 .glue_7t       0x0000000008006c64        0x0 linker stubs
 *(.eh_frame)
 .eh_frame      0x0000000008006c64        0x0 c:/st/stm32cubeide_1.8.0/stm32cubeide/plugins/com.st.stm32cube.ide.mcu.externaltools.gnu-tools-for-stm32.9-2020-q2-update.win32_2.0.0.202105311346/tools/bin/../lib/gcc/arm-none-eabi/9.3.1/thumb/v7e-m+fp/hard/crtbegin.o
 *(.init)
 .init          0x0000000008006c64        0x4 c:/st/stm32cubeide_1.8.0/stm32cubeide/plugins/com.st.stm32cube.ide.mcu.externaltools.gnu-tools-for-stm32.9-2020-q2-update.win32_2.0.0.202105311346/tools/bin/../lib/gcc/arm-none-eabi/9.3.1/thumb/v7e-m+fp/hard/crti.o
                0x0000000008006c64                _init
 .init          0x0000000008006c68        0x8 c:/st/stm32cubeide_1.8.0/stm32cubeide/plugins/com.st.stm32cube.ide.mcu.externaltools.gnu-tools-for-stm32.9-2020-q2-update.win32_2.0.0.202105311346/tools/bin/../lib/gcc/arm-none-eabi/9.3.1/thumb/v7e-m+fp/hard/crtn.o
 *(.fini)
 .fini          0x0000000008006c70        0x4 c:/st/stm32cubeide_1.8.0/stm32cubeide/plugins/com.st.stm32cube.ide.mcu.externaltools.gnu-tools-for-stm32.9-2020-q2-update.win32_2.0.0.202105311346/tools/bin/../lib/gcc/arm-none-eabi/9.3.1/thumb/v7e-m+fp/hard/crti.o
                0x0000000008006c70                _fini
 .fini          0x0000000008006c74        0x8 c:/st/stm32cubeide_1.8.0/stm32cubeide/plugins/com.st.stm32cube.ide.mcu.externaltools.gnu-tools-for-stm32.9-2020-q2-update.win32_2.0.0.202105311346/tools/bin/../lib/gcc/arm-none-eabi/9.3.1/thumb/v7e-m+fp/hard/crtn.o
                0x0000000008006c7c                . = ALIGN (0x4)
                0x0000000008006c7c                _etext = .

.vfp11_veneer   0x0000000008006c7c        0x0
 .vfp11_veneer  0x0000000008006c7c        0x0 linker stubs

.v4_bx          0x0000000008006c7c        0x0
 .v4_bx         0x0000000008006c7c        0x0 linker stubs

.iplt           0x0000000008006c7c        0x0
 .iplt          0x0000000008006c7c        0x0 c:/st/stm32cubeide_1.8.0/stm32cubeide/plugins/com.st.stm32cube.ide.mcu.externaltools.gnu-tools-for-stm32.9-2020-q2-update.win32_2.0.0.202105311346/tools/bin/../lib/gcc/arm-none-eabi/9.3.1/thumb/v7e-m+fp/hard/crtbegin.o

.rodata         0x0000000008006c7c      0x44c
                0x0000000008006c7c                . = ALIGN (0x4)
 *(.rodata)
 .rodata        0x0000000008006c7c        0xd ./BlueNRG-2/Target/hci_tl_interface.o
 *fill*         0x0000000008006c89        0x3 
 .rodata        0x0000000008006c8c       0xb9 ./Core/Src/app_bluenrg.o
 *fill*         0x0000000008006d45        0x3 
 .rodata        0x0000000008006d48       0x1f ./Core/Src/main.o
 *fill*         0x0000000008006d67        0x1 
 .rodata        0x0000000008006d68       0xd0 ./Core/Src/service.o
 *(.rodata*)
 .rodata.AHBPrescTable
                0x0000000008006e38       0x10 ./Core/Src/system_stm32f4xx.o
                0x0000000008006e38                AHBPrescTable
 .rodata.APBPrescTable
                0x0000000008006e48        0x8 ./Core/Src/system_stm32f4xx.o
                0x0000000008006e48                APBPrescTable
 .rodata.hci_events_table
                0x0000000008006e50       0x38 ./Middlewares/ST/BlueNRG-2/hci/bluenrg1_events.o
                0x0000000008006e50                hci_events_table
 .rodata.hci_le_meta_events_table
                0x0000000008006e88       0x50 ./Middlewares/ST/BlueNRG-2/hci/bluenrg1_events.o
                0x0000000008006e88                hci_le_meta_events_table
 .rodata.hci_vendor_specific_events_table
                0x0000000008006ed8      0x158 ./Middlewares/ST/BlueNRG-2/hci/bluenrg1_events.o
                0x0000000008006ed8                hci_vendor_specific_events_table
 .rodata._global_impure_ptr
                0x0000000008007030        0x4 c:/st/stm32cubeide_1.8.0/stm32cubeide/plugins/com.st.stm32cube.ide.mcu.externaltools.gnu-tools-for-stm32.9-2020-q2-update.win32_2.0.0.202105311346/tools/bin/../lib/gcc/arm-none-eabi/9.3.1/../../../../arm-none-eabi/lib/thumb/v7e-m+fp/hard\libc_nano.a(lib_a-impure.o)
                0x0000000008007030                _global_impure_ptr
 .rodata.__sf_fake_stderr
                0x0000000008007034       0x20 c:/st/stm32cubeide_1.8.0/stm32cubeide/plugins/com.st.stm32cube.ide.mcu.externaltools.gnu-tools-for-stm32.9-2020-q2-update.win32_2.0.0.202105311346/tools/bin/../lib/gcc/arm-none-eabi/9.3.1/../../../../arm-none-eabi/lib/thumb/v7e-m+fp/hard\libc_nano.a(lib_a-findfp.o)
                0x0000000008007034                __sf_fake_stderr
 .rodata.__sf_fake_stdin
                0x0000000008007054       0x20 c:/st/stm32cubeide_1.8.0/stm32cubeide/plugins/com.st.stm32cube.ide.mcu.externaltools.gnu-tools-for-stm32.9-2020-q2-update.win32_2.0.0.202105311346/tools/bin/../lib/gcc/arm-none-eabi/9.3.1/../../../../arm-none-eabi/lib/thumb/v7e-m+fp/hard\libc_nano.a(lib_a-findfp.o)
                0x0000000008007054                __sf_fake_stdin
 .rodata.__sf_fake_stdout
                0x0000000008007074       0x20 c:/st/stm32cubeide_1.8.0/stm32cubeide/plugins/com.st.stm32cube.ide.mcu.externaltools.gnu-tools-for-stm32.9-2020-q2-update.win32_2.0.0.202105311346/tools/bin/../lib/gcc/arm-none-eabi/9.3.1/../../../../arm-none-eabi/lib/thumb/v7e-m+fp/hard\libc_nano.a(lib_a-findfp.o)
                0x0000000008007074                __sf_fake_stdout
 .rodata._vfprintf_r.str1.1
                0x0000000008007094       0x11 c:/st/stm32cubeide_1.8.0/stm32cubeide/plugins/com.st.stm32cube.ide.mcu.externaltools.gnu-tools-for-stm32.9-2020-q2-update.win32_2.0.0.202105311346/tools/bin/../lib/gcc/arm-none-eabi/9.3.1/../../../../arm-none-eabi/lib/thumb/v7e-m+fp/hard\libc_nano.a(lib_a-nano-vfprintf.o)
 .rodata._printf_i.str1.1
                0x00000000080070a5       0x22 c:/st/stm32cubeide_1.8.0/stm32cubeide/plugins/com.st.stm32cube.ide.mcu.externaltools.gnu-tools-for-stm32.9-2020-q2-update.win32_2.0.0.202105311346/tools/bin/../lib/gcc/arm-none-eabi/9.3.1/../../../../arm-none-eabi/lib/thumb/v7e-m+fp/hard\libc_nano.a(lib_a-nano-vfprintf_i.o)
                0x00000000080070c8                . = ALIGN (0x4)
 *fill*         0x00000000080070c7        0x1 

.ARM.extab      0x00000000080070c8        0x0
                0x00000000080070c8                . = ALIGN (0x4)
 *(.ARM.extab* .gnu.linkonce.armextab.*)
                0x00000000080070c8                . = ALIGN (0x4)

.ARM            0x00000000080070c8        0x8
                0x00000000080070c8                . = ALIGN (0x4)
                0x00000000080070c8                __exidx_start = .
 *(.ARM.exidx*)
 .ARM.exidx     0x00000000080070c8        0x8 c:/st/stm32cubeide_1.8.0/stm32cubeide/plugins/com.st.stm32cube.ide.mcu.externaltools.gnu-tools-for-stm32.9-2020-q2-update.win32_2.0.0.202105311346/tools/bin/../lib/gcc/arm-none-eabi/9.3.1/thumb/v7e-m+fp/hard\libgcc.a(_udivmoddi4.o)
                0x00000000080070d0                __exidx_end = .
                0x00000000080070d0                . = ALIGN (0x4)

.rel.dyn        0x00000000080070d0        0x0
 .rel.iplt      0x00000000080070d0        0x0 c:/st/stm32cubeide_1.8.0/stm32cubeide/plugins/com.st.stm32cube.ide.mcu.externaltools.gnu-tools-for-stm32.9-2020-q2-update.win32_2.0.0.202105311346/tools/bin/../lib/gcc/arm-none-eabi/9.3.1/thumb/v7e-m+fp/hard/crtbegin.o

.preinit_array  0x00000000080070d0        0x0
                0x00000000080070d0                . = ALIGN (0x4)
                0x00000000080070d0                PROVIDE (__preinit_array_start = .)
 *(.preinit_array*)
                0x00000000080070d0                PROVIDE (__preinit_array_end = .)
                0x00000000080070d0                . = ALIGN (0x4)

.init_array     0x00000000080070d0        0x4
                0x00000000080070d0                . = ALIGN (0x4)
                0x00000000080070d0                PROVIDE (__init_array_start = .)
 *(SORT_BY_NAME(.init_array.*))
 *(.init_array*)
 .init_array    0x00000000080070d0        0x4 c:/st/stm32cubeide_1.8.0/stm32cubeide/plugins/com.st.stm32cube.ide.mcu.externaltools.gnu-tools-for-stm32.9-2020-q2-update.win32_2.0.0.202105311346/tools/bin/../lib/gcc/arm-none-eabi/9.3.1/thumb/v7e-m+fp/hard/crtbegin.o
                0x00000000080070d4                PROVIDE (__init_array_end = .)
                0x00000000080070d4                . = ALIGN (0x4)

.fini_array     0x00000000080070d4        0x4
                0x00000000080070d4                . = ALIGN (0x4)
                [!provide]                        PROVIDE (__fini_array_start = .)
 *(SORT_BY_NAME(.fini_array.*))
 *(.fini_array*)
 .fini_array    0x00000000080070d4        0x4 c:/st/stm32cubeide_1.8.0/stm32cubeide/plugins/com.st.stm32cube.ide.mcu.externaltools.gnu-tools-for-stm32.9-2020-q2-update.win32_2.0.0.202105311346/tools/bin/../lib/gcc/arm-none-eabi/9.3.1/thumb/v7e-m+fp/hard/crtbegin.o
                [!provide]                        PROVIDE (__fini_array_end = .)
                0x00000000080070d8                . = ALIGN (0x4)
                0x00000000080070d8                _sidata = LOADADDR (.data)

.data           0x0000000020000000       0xe0 load address 0x00000000080070d8
                0x0000000020000000                . = ALIGN (0x4)
                0x0000000020000000                _sdata = .
 *(.data)
 *(.data*)
 .data.SERVER_BDARR
                0x0000000020000000        0x6 ./Core/Src/app_bluenrg.o
                0x0000000020000000                SERVER_BDARR
 *fill*         0x0000000020000006        0x2 
 .data.HEALTH_SERVICE_UUID
                0x0000000020000008       0x10 ./Core/Src/service.o
                0x0000000020000008                HEALTH_SERVICE_UUID
 .data.BPM_CHAR_UUID
                0x0000000020000018       0x10 ./Core/Src/service.o
                0x0000000020000018                BPM_CHAR_UUID
 .data.WEIGHT_CHAR_UUID
                0x0000000020000028       0x10 ./Core/Src/service.o
                0x0000000020000028                WEIGHT_CHAR_UUID
 .data.WEATHER_SERVICE_UUID
                0x0000000020000038       0x10 ./Core/Src/service.o
                0x0000000020000038                WEATHER_SERVICE_UUID
 .data.TEMP_CHAR_UUID
                0x0000000020000048       0x10 ./Core/Src/service.o
                0x0000000020000048                TEMP_CHAR_UUID
 .data.HUM_CHAR_UUID
                0x0000000020000058       0x10 ./Core/Src/service.o
                0x0000000020000058                HUM_CHAR_UUID
 .data.set_connectable
                0x0000000020000068        0x1 ./Core/Src/service.o
                0x0000000020000068                set_connectable
 .data.bpm      0x0000000020000069        0x1 ./Core/Src/service.o
                0x0000000020000069                bpm
 .data.weight   0x000000002000006a        0x1 ./Core/Src/service.o
                0x000000002000006a                weight
 .data.temp     0x000000002000006b        0x1 ./Core/Src/service.o
                0x000000002000006b                temp
 .data.hum      0x000000002000006c        0x1 ./Core/Src/service.o
                0x000000002000006c                hum
 *fill*         0x000000002000006d        0x3 
 .data.SystemCoreClock
                0x0000000020000070        0x4 ./Core/Src/system_stm32f4xx.o
                0x0000000020000070                SystemCoreClock
 .data.uwTickPrio
                0x0000000020000074        0x4 ./Drivers/STM32F4xx_HAL_Driver/Src/stm32f4xx_hal.o
                0x0000000020000074                uwTickPrio
 .data.uwTickFreq
                0x0000000020000078        0x1 ./Drivers/STM32F4xx_HAL_Driver/Src/stm32f4xx_hal.o
                0x0000000020000078                uwTickFreq
 *fill*         0x0000000020000079        0x3 
 .data._impure_ptr
                0x000000002000007c        0x4 c:/st/stm32cubeide_1.8.0/stm32cubeide/plugins/com.st.stm32cube.ide.mcu.externaltools.gnu-tools-for-stm32.9-2020-q2-update.win32_2.0.0.202105311346/tools/bin/../lib/gcc/arm-none-eabi/9.3.1/../../../../arm-none-eabi/lib/thumb/v7e-m+fp/hard\libc_nano.a(lib_a-impure.o)
                0x000000002000007c                _impure_ptr
 .data.impure_data
                0x0000000020000080       0x60 c:/st/stm32cubeide_1.8.0/stm32cubeide/plugins/com.st.stm32cube.ide.mcu.externaltools.gnu-tools-for-stm32.9-2020-q2-update.win32_2.0.0.202105311346/tools/bin/../lib/gcc/arm-none-eabi/9.3.1/../../../../arm-none-eabi/lib/thumb/v7e-m+fp/hard\libc_nano.a(lib_a-impure.o)
 *(.RamFunc)
 *(.RamFunc*)
                0x00000000200000e0                . = ALIGN (0x4)
                0x00000000200000e0                _edata = .

.igot.plt       0x00000000200000e0        0x0 load address 0x00000000080071b8
 .igot.plt      0x00000000200000e0        0x0 c:/st/stm32cubeide_1.8.0/stm32cubeide/plugins/com.st.stm32cube.ide.mcu.externaltools.gnu-tools-for-stm32.9-2020-q2-update.win32_2.0.0.202105311346/tools/bin/../lib/gcc/arm-none-eabi/9.3.1/thumb/v7e-m+fp/hard/crtbegin.o
                0x00000000200000e0                . = ALIGN (0x4)

.bss            0x00000000200000e0      0x79c load address 0x00000000080071b8
                0x00000000200000e0                _sbss = .
                0x00000000200000e0                __bss_start__ = _sbss
 *(.bss)
 .bss           0x00000000200000e0       0x1c c:/st/stm32cubeide_1.8.0/stm32cubeide/plugins/com.st.stm32cube.ide.mcu.externaltools.gnu-tools-for-stm32.9-2020-q2-update.win32_2.0.0.202105311346/tools/bin/../lib/gcc/arm-none-eabi/9.3.1/thumb/v7e-m+fp/hard/crtbegin.o
 *(.bss*)
 .bss.read_char_buf.8222
                0x00000000200000fc       0xff ./BlueNRG-2/Target/hci_tl_interface.o
 *fill*         0x00000000200001fb        0x1 
 .bss.SPI1InitCounter
                0x00000000200001fc        0x4 ./Core/Src/custom_bus.o
 .bss.connected
                0x0000000020000200        0x1 ./Core/Src/service.o
                0x0000000020000200                connected
 *fill*         0x0000000020000201        0x1 
 .bss.connection_handle
                0x0000000020000202        0x2 ./Core/Src/service.o
                0x0000000020000202                connection_handle
 .bss.__sbrk_heap_end
                0x0000000020000204        0x4 ./Core/Src/sysmem.o
 .bss.hciReadPacketBuffer
                0x0000000020000208      0x578 ./Middlewares/ST/BlueNRG-2/hci/hci_tl_patterns/Basic/hci_tl.o
 .bss.hciContext
                0x0000000020000780       0x20 ./Middlewares/ST/BlueNRG-2/hci/hci_tl_patterns/Basic/hci_tl.o
 .bss.__malloc_free_list
                0x00000000200007a0        0x4 c:/st/stm32cubeide_1.8.0/stm32cubeide/plugins/com.st.stm32cube.ide.mcu.externaltools.gnu-tools-for-stm32.9-2020-q2-update.win32_2.0.0.202105311346/tools/bin/../lib/gcc/arm-none-eabi/9.3.1/../../../../arm-none-eabi/lib/thumb/v7e-m+fp/hard\libc_nano.a(lib_a-nano-mallocr.o)
                0x00000000200007a0                __malloc_free_list
 .bss.__malloc_sbrk_start
                0x00000000200007a4        0x4 c:/st/stm32cubeide_1.8.0/stm32cubeide/plugins/com.st.stm32cube.ide.mcu.externaltools.gnu-tools-for-stm32.9-2020-q2-update.win32_2.0.0.202105311346/tools/bin/../lib/gcc/arm-none-eabi/9.3.1/../../../../arm-none-eabi/lib/thumb/v7e-m+fp/hard\libc_nano.a(lib_a-nano-mallocr.o)
                0x00000000200007a4                __malloc_sbrk_start
 *(COMMON)
 COMMON         0x00000000200007a8        0x8 ./BlueNRG-2/Target/hci_tl_interface.o
                0x00000000200007a8                hexti0
 COMMON         0x00000000200007b0       0x58 ./Core/Src/custom_bus.o
                0x00000000200007b0                hspi1
 COMMON         0x0000000020000808       0x44 ./Core/Src/main.o
                0x0000000020000808                huart2
 COMMON         0x000000002000084c        0xc ./Core/Src/service.o
                0x000000002000084c                health_service_handle
                0x000000002000084e                hum_char_handle
                0x0000000020000850                weight_char_handle
                0x0000000020000852                bpm_char_handle
                0x0000000020000854                temp_char_handle
                0x0000000020000856                weather_service_handle
 COMMON         0x0000000020000858        0x4 ./Drivers/STM32F4xx_HAL_Driver/Src/stm32f4xx_hal.o
                0x0000000020000858                uwTick
 COMMON         0x000000002000085c       0x10 ./Middlewares/ST/BlueNRG-2/hci/hci_tl_patterns/Basic/hci_tl.o
                0x000000002000085c                hciReadPktPool
                0x0000000020000864                hciReadPktRxQueue
 COMMON         0x000000002000086c        0x9 c:/st/stm32cubeide_1.8.0/stm32cubeide/plugins/com.st.stm32cube.ide.mcu.externaltools.gnu-tools-for-stm32.9-2020-q2-update.win32_2.0.0.202105311346/tools/bin/../lib/gcc/arm-none-eabi/9.3.1/../../../../arm-none-eabi/lib/thumb/v7e-m+fp/hard\libc_nano.a(lib_a-lock.o)